
Allocating common symbols
Common symbol       size              file

netbufpool          0x4               binaries/net.o
readylist           0x2               binaries/ready.o
rfltab              0x5a0             binaries/rflinit.o
netportseed         0x8               binaries/net.o
sleepq              0x2               binaries/clkinit.o
host                0x1               binaries/net.o
nnames              0x4               binaries/naminit.o
udptab              0x168             binaries/udp.o
minheap             0x4               binaries/meminit.o
marks               0x50              binaries/mark.o
currpid             0x4               binaries/initialize.o
Lf_data             0x20c             binaries/lfsinit.o
porttab             0x2d0             binaries/ptinit.o
girmask             0x2               binaries/evec.o
ttytab              0x110             binaries/ttyinit.o
ndroute_tab         0x410             binaries/nd.o
proctab             0x15e0            binaries/initialize.o
prcount             0x4               binaries/initialize.o
int_actions         0x140             binaries/evec.o
lfltab              0xf00             binaries/lflinit.o
rdstab              0x8c              binaries/rdsinit.o
ethertab            0x13c             binaries/ethinit.o
nmarks              0x4               binaries/mark.o
if_tab              0x4bc             binaries/net.o
Defer               0x8               binaries/resched.o
semtab              0x4b0             binaries/initialize.o
maxheap             0x4               binaries/meminit.o
preempt             0x4               binaries/clkinit.o
buftab              0xf0              binaries/bufinit.o
Rf_data             0x18              binaries/rfsinit.o
ifprime             0x4               binaries/net.o
mkmutex             0x4               binaries/mark.o
nbcache_tab         0x5f0             binaries/nd.o
clktime             0x4               binaries/clkinit.o
buf                 0x38              binaries/xsh_ping6.o
icmptab             0x230             binaries/icmp.o
nbpools             0x4               binaries/bufinit.o
queuetab            0x980             binaries/queue.o
ptnextid            0x4               binaries/ptinit.o
Ram                 0x19000           binaries/raminit.o
ipoqueue            0x2c              binaries/ip.o
memlist             0x8               binaries/initialize.o
nametab             0x19a0            binaries/naminit.o
ptfree              0x4               binaries/ptinit.o

Memory Configuration

Name             Origin             Length             Attributes
*default*        0x0000000000000000 0xffffffffffffffff

Linker script and memory map

                0x0000000000100000                physbase = 0x100000
                0x0000000000100000                . = physbase
                0x0000000000100000                . = ALIGN (0x1000)

.text           0x0000000000100000    0x18000
                0x0000000000100000                text = ABSOLUTE (.)
 *(.text .text.*)
 .text          0x0000000000100000      0x1b8 binaries/start.o
                0x0000000000100028                start
                0x00000000001000fa                inb
                0x0000000000100102                inw
                0x000000000010010b                inl
                0x0000000000100113                outb
                0x000000000010011d                outw
                0x0000000000100128                outl
                0x0000000000100132                _rtcin
                0x000000000010013d                ___udivsi3
                0x0000000000100148                ___divsi3
                0x0000000000100154                sbzero
                0x0000000000100164                insw
                0x000000000010017a                outsw
                0x0000000000100190                bcopy
                0x00000000001001a4                lidt
                0x00000000001001ac                cpuid
 .text          0x00000000001001b8      0x3e3 binaries/ascdate.o
                0x00000000001001b8                ascdate
 .text          0x000000000010059b       0x14 binaries/bufinit.o
                0x000000000010059b                bufinit
 .text          0x00000000001005af       0x94 binaries/chprio.o
                0x00000000001005af                chprio
 .text          0x0000000000100643       0xbe binaries/clkhandler.o
                0x0000000000100643                clkhandler
 .text          0x0000000000100701       0xe2 binaries/clkinit.o
                0x0000000000100701                clkinit
 .text          0x00000000001007e3       0x75 binaries/close.o
                0x00000000001007e3                close
 .text          0x0000000000100858        0x0 binaries/conf.o
 .text          0x0000000000100858       0x7b binaries/control.o
                0x0000000000100858                control
 .text          0x00000000001008d3      0x2c0 binaries/create.o
                0x00000000001008d3                create
 .text          0x0000000000100b93      0x298 binaries/early_imr.o
                0x0000000000100b93                intel_cln_early_sb_read_reg
                0x0000000000100c12                intel_cln_early_sb_write_reg
                0x0000000000100da0                remove_irm_protections
 .text          0x0000000000100e2b      0x5d6 binaries/evec.o
                0x0000000000100e2b                initevec
                0x0000000000100f7d                set_evec
                0x0000000000100fea                set_ivec
                0x0000000000101089                ioapic_irq2vec
                0x00000000001010ca                int_dispatch
                0x000000000010115f                _8259_setirmask
                0x00000000001011b8                trap
 .text          0x0000000000101401       0x19 binaries/exit.o
                0x0000000000101401                exit
 .text          0x000000000010141a       0x8c binaries/freebuf.o
                0x000000000010141a                freebuf
 .text          0x00000000001014a6      0x172 binaries/freemem.o
                0x00000000001014a6                freemem
 .text          0x0000000000101618       0x8a binaries/getbuf.o
                0x0000000000101618                getbuf
 .text          0x00000000001016a2       0x75 binaries/getc.o
                0x00000000001016a2                getc
 .text          0x0000000000101717       0x74 binaries/getdev.o
                0x0000000000101717                getdev
 .text          0x000000000010178b       0xd0 binaries/getitem.o
                0x000000000010178b                getfirst
                0x00000000001017d0                getlast
                0x0000000000101817                getitem
 .text          0x000000000010185b      0x10a binaries/getmem.o
                0x000000000010185b                getmem
 .text          0x0000000000101965        0xa binaries/getpid.o
                0x0000000000101965                getpid
 .text          0x000000000010196f       0x7d binaries/getprio.o
                0x000000000010196f                getprio
 .text          0x00000000001019ec       0xfb binaries/getstk.o
                0x00000000001019ec                getstk
 .text          0x0000000000101ae7       0x16 binaries/getticks.o
                0x0000000000101ae7                getticks
 .text          0x0000000000101afd       0x3a binaries/gettime.o
                0x0000000000101afd                gettime
 .text          0x0000000000101b37        0xa binaries/getutime.o
                0x0000000000101b37                getutime
 .text          0x0000000000101b41       0x75 binaries/init.o
                0x0000000000101b41                init
 .text          0x0000000000101bb6      0x342 binaries/initialize.o
                0x0000000000101bb6                nulluser
                0x0000000000101e9f                stop
                0x0000000000101eca                delay
 .text          0x0000000000101ef8       0xde binaries/insert.o
                0x0000000000101ef8                insert
 .text          0x0000000000101fd6      0x110 binaries/insertd.o
                0x0000000000101fd6                insertd
 .text          0x00000000001020e6        0xa binaries/ioerr.o
                0x00000000001020e6                ioerr
 .text          0x00000000001020f0        0xa binaries/ionull.o
                0x00000000001020f0                ionull
 .text          0x00000000001020fa      0x19d binaries/kill.o
                0x00000000001020fa                kill
 .text          0x0000000000102297      0x138 binaries/kprintf.o
                0x0000000000102297                kputc
                0x0000000000102322                kgetc
                0x00000000001023a5                kprintf
 .text          0x00000000001023cf       0x9b binaries/main.o
                0x00000000001023cf                main
 .text          0x000000000010246a       0xb5 binaries/mark.o
                0x000000000010246a                markinit
                0x000000000010248e                mark
 .text          0x000000000010251f      0x2ca binaries/meminit.o
                0x000000000010251f                meminit
                0x0000000000102746                setsegs
 .text          0x00000000001027e9      0x174 binaries/mkbufpool.o
                0x00000000001027e9                mkbufpool
 .text          0x000000000010295d       0x94 binaries/newqueue.o
                0x000000000010295d                newqueue
 .text          0x00000000001029f1       0x7b binaries/open.o
                0x00000000001029f1                open
 .text          0x0000000000102a6c       0x20 binaries/panic.o
                0x0000000000102a6c                panic
 .text          0x0000000000102a8c      0x56a binaries/pci.o
                0x0000000000102a8c                pci_init
                0x0000000000102b16                find_pci_device
                0x0000000000102bfc                pci_read_config_byte
                0x0000000000102c5a                pci_read_config_word
                0x0000000000102cba                pci_read_config_dword
                0x0000000000102d18                pci_write_config_byte
                0x0000000000102d7a                pci_write_config_word
                0x0000000000102dde                pci_write_config_dword
                0x0000000000102e3a                pci_get_dev_mmio_base_addr
                0x0000000000102ea6                pci_set_ivec
 .text          0x0000000000102ff6       0xc9 binaries/platinit.o
                0x0000000000102ff6                cpu_is_quark
                0x0000000000103013                console_init
                0x000000000010305c                platinit
 .text          0x00000000001030bf       0xf1 binaries/ptclear.o
                0x00000000001030bf                _ptclear
 .text          0x00000000001031b0       0x9d binaries/ptcount.o
                0x00000000001031b0                ptcount
 .text          0x000000000010324d      0x116 binaries/ptcreate.o
                0x000000000010324d                ptcreate
 .text          0x0000000000103363       0x7f binaries/ptdelete.o
                0x0000000000103363                ptdelete
 .text          0x00000000001033e2       0xbf binaries/ptinit.o
                0x00000000001033e2                ptinit
 .text          0x00000000001034a1      0x11b binaries/ptrecv.o
                0x00000000001034a1                ptrecv
 .text          0x00000000001035bc       0x77 binaries/ptreset.o
                0x00000000001035bc                ptreset
 .text          0x0000000000103633      0x13d binaries/ptsend.o
                0x0000000000103633                ptsend
 .text          0x0000000000103770       0x80 binaries/putc.o
                0x0000000000103770                putc
 .text          0x00000000001037f0       0xcc binaries/quark_irq.o
                0x00000000001037f0                quark_irq_routing
 .text          0x00000000001038bc      0x1e9 binaries/quark_pdat.o
                0x00000000001038bc                get_quark_pdat_entry_data_by_id
                0x00000000001039ab                get_quark_pdat_entry_data_by_desc
 .text          0x0000000000103aa5      0x111 binaries/queue.o
                0x0000000000103aa5                enqueue
                0x0000000000103b49                dequeue
 .text          0x0000000000103bb6       0x7b binaries/read.o
                0x0000000000103bb6                read
 .text          0x0000000000103c31       0x7e binaries/ready.o
                0x0000000000103c31                ready
 .text          0x0000000000103caf       0x62 binaries/receive.o
                0x0000000000103caf                receive
 .text          0x0000000000103d11       0x5e binaries/recvclr.o
                0x0000000000103d11                recvclr
 .text          0x0000000000103d6f       0xbd binaries/recvtime.o
                0x0000000000103d6f                recvtime
 .text          0x0000000000103e2c      0x16c binaries/resched.o
                0x0000000000103e2c                resched
                0x0000000000103f23                resched_cntl
 .text          0x0000000000103f98       0xb1 binaries/resume.o
                0x0000000000103f98                resume
 .text          0x0000000000104049       0x79 binaries/seek.o
                0x0000000000104049                seek
 .text          0x00000000001040c2       0x70 binaries/semcount.o
                0x00000000001040c2                semcount
 .text          0x0000000000104132       0xd6 binaries/semcreate.o
                0x0000000000104132                semcreate
 .text          0x0000000000104208       0xcd binaries/semdelete.o
                0x0000000000104208                semdelete
 .text          0x00000000001042d5       0xcb binaries/semreset.o
                0x00000000001042d5                semreset
 .text          0x00000000001043a0       0xed binaries/send.o
                0x00000000001043a0                send
 .text          0x000000000010448d       0xa8 binaries/signal.o
                0x000000000010448d                signal
 .text          0x0000000000104535       0xd6 binaries/signaln.o
                0x0000000000104535                signaln
 .text          0x000000000010460b       0xed binaries/sleep.o
                0x000000000010460b                sleep
                0x0000000000104659                sleepms
 .text          0x00000000001046f8      0x192 binaries/stacktrace.o
                0x00000000001046f8                stacktrace
 .text          0x000000000010488a       0xe7 binaries/suspend.o
                0x000000000010488a                suspend
 .text          0x0000000000104971       0xe9 binaries/unsleep.o
                0x0000000000104971                unsleep
 .text          0x0000000000104a5a       0x19 binaries/userret.o
                0x0000000000104a5a                userret
 .text          0x0000000000104a73       0xdd binaries/wait.o
                0x0000000000104a73                wait
 .text          0x0000000000104b50       0x72 binaries/wakeup.o
                0x0000000000104b50                wakeup
 .text          0x0000000000104bc2       0x7b binaries/write.o
                0x0000000000104bc2                write
 .text          0x0000000000104c3d       0x1d binaries/xdone.o
                0x0000000000104c3d                xdone
 .text          0x0000000000104c5a       0x28 binaries/yield.o
                0x0000000000104c5a                yield
 .text          0x0000000000104c82       0x11 binaries/abs.o
                0x0000000000104c82                abs
 .text          0x0000000000104c93       0x8f binaries/atoi.o
                0x0000000000104c93                atoi
 .text          0x0000000000104d22       0x8f binaries/atol.o
                0x0000000000104d22                atol
 .text          0x0000000000104db1       0x31 binaries/bzero.o
                0x0000000000104db1                bzero
 .text          0x0000000000104de2        0x0 binaries/ctype_.o
 .text          0x0000000000104de2      0x8ed binaries/doprnt.o
                0x0000000000104de2                _doprnt
 .text          0x00000000001056cf      0x65c binaries/doscan.o
                0x00000000001056cf                _doscan
 .text          0x0000000000105d2b      0x711 binaries/fdoprnt.o
                0x0000000000105d2b                _fdoprnt
 .text          0x000000000010643c       0x29 binaries/fgetc.o
                0x000000000010643c                fgetc
 .text          0x0000000000106465       0x75 binaries/fgets.o
                0x0000000000106465                fgets
 .text          0x00000000001064da       0x2a binaries/fprintf.o
                0x00000000001064da                fprintf
 .text          0x0000000000106504       0x2c binaries/fputc.o
                0x0000000000106504                fputc
 .text          0x0000000000106530       0x43 binaries/fputs.o
                0x0000000000106530                fputs
 .text          0x0000000000106573       0x8a binaries/fscanf.o
                0x0000000000106573                fscanf
 .text          0x00000000001065fd       0x31 binaries/getchar.o
                0x00000000001065fd                getchar
 .text          0x000000000010662e       0x11 binaries/labs.o
                0x000000000010662e                labs
 .text          0x000000000010663f        0x0 binaries/memchr.o
 .text          0x000000000010663f       0x51 binaries/memcmp.o
                0x000000000010663f                memcmp
 .text          0x0000000000106690       0x3f binaries/memcpy.o
                0x0000000000106690                memcpy
 .text          0x00000000001066cf       0x30 binaries/memset.o
                0x00000000001066cf                memset
 .text          0x00000000001066ff       0x47 binaries/printf.o
                0x00000000001066ff                printf
 .text          0x0000000000106746       0x34 binaries/putchar.o
                0x0000000000106746                putchar
 .text          0x000000000010677a      0x27e binaries/qsort.o
                0x000000000010677a                qsort
 .text          0x00000000001069f8       0x63 binaries/rand.o
                0x00000000001069f8                rand
                0x0000000000106a10                rand_r
                0x0000000000106a4e                srand
 .text          0x0000000000106a5b       0x66 binaries/sprintf.o
                0x0000000000106a5b                sprintf
 .text          0x0000000000106ac1       0x70 binaries/sscanf.o
                0x0000000000106ac1                sscanf
 .text          0x0000000000106b31       0x3c binaries/strchr.o
                0x0000000000106b31                strchr
 .text          0x0000000000106b6d       0x45 binaries/strcmp.o
                0x0000000000106b6d                strcmp
 .text          0x0000000000106bb2       0x27 binaries/strcpy.o
                0x0000000000106bb2                strcpy
 .text          0x0000000000106bd9       0x26 binaries/strlen.o
                0x0000000000106bd9                strlen
 .text          0x0000000000106bff       0x56 binaries/strncat.o
                0x0000000000106bff                strncat
 .text          0x0000000000106c55       0x5f binaries/strncmp.o
                0x0000000000106c55                strncmp
 .text          0x0000000000106cb4       0x4f binaries/strncpy.o
                0x0000000000106cb4                strncpy
 .text          0x0000000000106d03       0x2e binaries/strnlen.o
                0x0000000000106d03                strnlen
 .text          0x0000000000106d31       0x45 binaries/strrchr.o
                0x0000000000106d31                strrchr
 .text          0x0000000000106d76       0x6d binaries/strstr.o
                0x0000000000106d76                strstr
 .text          0x0000000000106de3       0xe4 binaries/ttycontrol.o
                0x0000000000106de3                ttycontrol
 .text          0x0000000000106ec7       0x97 binaries/ttygetc.o
                0x0000000000106ec7                ttygetc
 .text          0x0000000000106f5e      0x6e4 binaries/ttyhandle_in.o
                0x0000000000106f5e                ttyhandle_in
 .text          0x0000000000107642      0x183 binaries/ttyhandle_out.o
                0x0000000000107642                ttyhandle_out
 .text          0x00000000001077c5       0xb5 binaries/ttyhandler.o
                0x00000000001077c5                ttyhandler
 .text          0x000000000010787a      0x20d binaries/ttyinit.o
                0x000000000010787a                ttyinit
 .text          0x0000000000107a87       0x10 binaries/ttykickout.o
                0x0000000000107a87                ttykickout
 .text          0x0000000000107a97       0xb7 binaries/ttyputc.o
                0x0000000000107a97                ttyputc
 .text          0x0000000000107b4e      0x11b binaries/ttyread.o
                0x0000000000107b4e                ttyread
 .text          0x0000000000107c69       0x4f binaries/ttywrite.o
                0x0000000000107c69                ttywrite
 .text          0x0000000000107cb8      0x14b binaries/mount.o
                0x0000000000107cb8                mount
                0x0000000000107dcd                namlen
 .text          0x0000000000107e03      0x1ea binaries/naminit.o
                0x0000000000107e03                naminit
 .text          0x0000000000107fed      0x211 binaries/nammap.o
                0x0000000000107fed                nammap
                0x0000000000108078                namrepl
                0x00000000001081ae                namcpy
 .text          0x00000000001081fe       0x4e binaries/namopen.o
                0x00000000001081fe                namopen
 .text          0x000000000010824c       0x92 binaries/ethcontrol.o
                0x000000000010824c                ethcontrol
 .text          0x00000000001082de      0x18b binaries/ethhandler.o
                0x00000000001082de                ethhandler
 .text          0x0000000000108469      0x748 binaries/ethinit.o
                0x0000000000108469                eth_phy_read
                0x00000000001084d3                eth_phy_write
                0x0000000000108547                eth_phy_reset
                0x000000000010868b                ethinit
 .text          0x0000000000108bb1      0x17c binaries/ethmcast.o
                0x0000000000108bb1                ethmcast_add
                0x0000000000108c2d                ethmcast_remove
 .text          0x0000000000108d2d      0x18f binaries/ethread.o
                0x0000000000108d2d                ethread
 .text          0x0000000000108ebc      0x136 binaries/ethwrite.o
                0x0000000000108ebc                ethwrite
 .text          0x0000000000108ff2       0x9e binaries/rdsbufalloc.o
                0x0000000000108ff2                rdsbufalloc
 .text          0x0000000000109090       0xcc binaries/rdsclose.o
                0x0000000000109090                rdsclose
 .text          0x000000000010915c        0xa binaries/rdscomm.o
                0x000000000010915c                rdscomm
 .text          0x0000000000109166      0x233 binaries/rdscontrol.o
                0x0000000000109166                rdscontrol
 .text          0x0000000000109399      0x1f3 binaries/rdsinit.o
                0x0000000000109399                rdsinit
 .text          0x000000000010958c      0x19b binaries/rdsopen.o
                0x000000000010958c                rdsopen
 .text          0x0000000000109727      0x461 binaries/rdsprocess.o
                0x0000000000109727                rdsprocess
 .text          0x0000000000109b88      0x259 binaries/rdsread.o
                0x0000000000109b88                rdsread
 .text          0x0000000000109de1      0x1fe binaries/rdswrite.o
                0x0000000000109de1                rdswrite
 .text          0x0000000000109fdf        0xa binaries/ramclose.o
                0x0000000000109fdf                ramclose
 .text          0x0000000000109fe9       0x3e binaries/raminit.o
                0x0000000000109fe9                raminit
 .text          0x000000000010a027        0xa binaries/ramopen.o
                0x000000000010a027                ramopen
 .text          0x000000000010a031       0x32 binaries/ramread.o
                0x000000000010a031                ramread
 .text          0x000000000010a063       0x32 binaries/ramwrite.o
                0x000000000010a063                ramwrite
 .text          0x000000000010a095       0x98 binaries/lfdballoc.o
                0x000000000010a095                lfdballoc
 .text          0x000000000010a12d       0x58 binaries/lfdbfree.o
                0x000000000010a12d                lfdbfree
 .text          0x000000000010a185       0xb6 binaries/lfflush.o
                0x000000000010a185                lfflush
 .text          0x000000000010a23b       0xd8 binaries/lfgetmode.o
                0x000000000010a23b                lfgetmode
 .text          0x000000000010a313       0x68 binaries/lfiballoc.o
                0x000000000010a313                lfiballoc
 .text          0x000000000010a37b       0x3b binaries/lfibclear.o
                0x000000000010a37b                lfibclear
 .text          0x000000000010a3b6       0xad binaries/lfibget.o
                0x000000000010a3b6                lfibget
 .text          0x000000000010a463       0xdc binaries/lfibput.o
                0x000000000010a463                lfibput
 .text          0x000000000010a53f       0xa2 binaries/lflclose.o
                0x000000000010a53f                lflclose
 .text          0x000000000010a5e1       0xd0 binaries/lflcontrol.o
                0x000000000010a5e1                lflcontrol
 .text          0x000000000010a6b1       0xf2 binaries/lflgetc.o
                0x000000000010a6b1                lflgetc
 .text          0x000000000010a7a3       0xf1 binaries/lflinit.o
                0x000000000010a7a3                lflinit
 .text          0x000000000010a894      0x122 binaries/lflputc.o
                0x000000000010a894                lflputc
 .text          0x000000000010a9b6       0x70 binaries/lflread.o
                0x000000000010a9b6                lflread
 .text          0x000000000010aa26       0xac binaries/lflseek.o
                0x000000000010aa26                lflseek
 .text          0x000000000010aad2       0x55 binaries/lflwrite.o
                0x000000000010aad2                lflwrite
 .text          0x000000000010ab27       0x62 binaries/lfscheck.o
                0x000000000010ab27                lfscheck
 .text          0x000000000010ab89      0x175 binaries/lfsckfmt.o
                0x000000000010ab89                lfsckfmt
 .text          0x000000000010acfe      0x1ad binaries/lfscreate.o
                0x000000000010acfe                lfscreate
 .text          0x000000000010aeab      0x278 binaries/lfsetup.o
                0x000000000010aeab                lfsetup
 .text          0x000000000010b123       0x51 binaries/lfsinit.o
                0x000000000010b123                lfsinit
 .text          0x000000000010b174      0x3c0 binaries/lfsopen.o
                0x000000000010b174                lfsopen
 .text          0x000000000010b534      0x15e binaries/lftruncate.o
                0x000000000010b534                lftruncate
 .text          0x000000000010b692       0x71 binaries/rflclose.o
                0x000000000010b692                rflclose
 .text          0x000000000010b703       0x32 binaries/rflgetc.o
                0x000000000010b703                rflgetc
 .text          0x000000000010b735       0x76 binaries/rflinit.o
                0x000000000010b735                rflinit
 .text          0x000000000010b7ab       0x33 binaries/rflputc.o
                0x000000000010b7ab                rflputc
 .text          0x000000000010b7de      0x360 binaries/rflread.o
                0x000000000010b7de                rflread
 .text          0x000000000010bb3e       0x74 binaries/rflseek.o
                0x000000000010bb3e                rflseek
 .text          0x000000000010bbb2      0x34d binaries/rflwrite.o
                0x000000000010bbb2                rflwrite
 .text          0x000000000010beff        0xa binaries/rfscomm.o
                0x000000000010beff                rfscomm
 .text          0x000000000010bf09      0x26d binaries/rfscontrol.o
                0x000000000010bf09                rfscontrol
 .text          0x000000000010c176       0xd8 binaries/rfsgetmode.o
                0x000000000010c176                rfsgetmode
 .text          0x000000000010c24e       0x86 binaries/rfsinit.o
                0x000000000010c24e                rfsinit
 .text          0x000000000010c2d4      0x111 binaries/rfsndmsg.o
                0x000000000010c2d4                rfsndmsg
 .text          0x000000000010c3e5      0x2aa binaries/rfsopen.o
                0x000000000010c3e5                rfsopen
 .text          0x000000000010c68f        0xa binaries/dns.o
                0x000000000010c68f                dnslookup
 .text          0x000000000010c699      0x264 binaries/dot2ip.o
                0x000000000010c699                dot2ip
                0x000000000010c781                hex2ip
 .text          0x000000000010c8fd      0x4c4 binaries/hexdump.o
                0x000000000010c8fd                hexdump
                0x000000000010caa4                hexadump
 .text          0x000000000010cdc1      0x93a binaries/icmp.o
                0x000000000010cdc1                icmp_init
                0x000000000010cdf8                icmp6_in
                0x000000000010d00a                icmp_mkpkt
                0x000000000010d19d                icmp6_send
                0x000000000010d215                icmp6_chksum
                0x000000000010d368                icmp6_register
                0x000000000010d471                icmp6_recv
                0x000000000010d5fd                icmp6_release
 .text          0x000000000010d6fb      0xe3a binaries/ip.o
                0x000000000010d6fb                ip6ula_gen
                0x000000000010d7da                ip6llgen
                0x000000000010d942                ip6_snmaddrgen
                0x000000000010d9e1                ip6_nwmcast_gen
                0x000000000010da63                ip6_mcrouter_gen
                0x000000000010dabf                ip6_in
                0x000000000010dcbc                ip6_in_ext
                0x000000000010dd24                ip6addr_reso
                0x000000000010ddab                ip6_route
                0x000000000010e0ab                ip6_send
                0x000000000010e3a5                ip6_ntoh
                0x000000000010e3cf                ip6_hton
                0x000000000010e3f9                ip6addr_print
                0x000000000010e4a7                ip6addr_print_ping
 .text          0x000000000010e535      0x30c binaries/nat.o
                0x000000000010e535                nat_init
                0x000000000010e659                nat_in
 .text          0x000000000010e841     0x127b binaries/nd.o
                0x000000000010e841                nd_init
                0x000000000010e997                nd_ncq_insert
                0x000000000010ea40                nd_ncfindip
                0x000000000010eaaa                nd_ncupdate
                0x000000000010eb63                nd_ncnew
                0x000000000010ec4e                nd_in_nsm
                0x000000000010efe8                nd_ns_send
                0x000000000010f142                nd_in_nam
                0x000000000010f349                nd_rs_send
                0x000000000010f465                nd_rsm_in
                0x000000000010f7a6                nd_ram_in
                0x000000000010f8eb                nd_in
                0x000000000010f997                nd_timer
 .text          0x000000000010fabc      0xceb binaries/net.o
                0x000000000010fabc                net_init
                0x000000000011029b                netin
                0x00000000001103c5                rawin
                0x00000000001106bf                eth_hton
                0x00000000001106e9                eth_ntoh
                0x0000000000110713                getport
 .text          0x00000000001107a7      0x267 binaries/pdump.o
                0x00000000001107a7                pdump
                0x000000000011091a                pdumph
 .text          0x0000000000110a0e       0x6f binaries/udp.o
                0x0000000000110a0e                udp_init
                0x0000000000110a14                udp_in
                0x0000000000110a1a                udp_register
                0x0000000000110a35                udp_recv
                0x0000000000110a3f                udp_recvaddr
                0x0000000000110a49                udp_send
                0x0000000000110a53                udp_sendto
                0x0000000000110a67                udp_release
                0x0000000000110a71                udp_ntoh
                0x0000000000110a77                udp_hton
 .text          0x0000000000110a7d      0x13b binaries/addargs.o
                0x0000000000110a7d                addargs
 .text          0x0000000000110bb8      0x2c9 binaries/lexan.o
                0x0000000000110bb8                lexan
 .text          0x0000000000110e81      0x665 binaries/shell.o
                0x0000000000110e81                shell
 .text          0x00000000001114e6       0x69 binaries/xsh_argecho.o
                0x00000000001114e6                xsh_argecho
 .text          0x000000000011154f        0xa binaries/xsh_arp.o
                0x000000000011154f                xsh_arp
 .text          0x0000000000111559      0x26f binaries/xsh_cat.o
                0x0000000000111559                xsh_cat
 .text          0x00000000001117c8       0x5e binaries/xsh_clear.o
                0x00000000001117c8                xsh_clear
 .text          0x0000000000111826      0x2f7 binaries/xsh_date.o
                0x0000000000111826                xsh_date
 .text          0x0000000000111b1d       0xae binaries/xsh_devdump.o
                0x0000000000111b1d                xsh_devdump
 .text          0x0000000000111bcb       0x72 binaries/xsh_echo.o
                0x0000000000111bcb                xsh_echo
 .text          0x0000000000111c3d        0xa binaries/xsh_exit.o
                0x0000000000111c3d                xsh_exit
 .text          0x0000000000111c47      0x389 binaries/xsh_help.o
                0x0000000000111c47                xsh_help
 .text          0x0000000000111fd0      0x249 binaries/xsh_kill.o
                0x0000000000111fd0                xsh_kill
 .text          0x0000000000112219      0x545 binaries/xsh_memdump.o
                0x0000000000112219                xsh_memdump
 .text          0x000000000011275e      0x2af binaries/xsh_memstat.o
                0x000000000011275e                xsh_memstat
 .text          0x0000000000112a0d      0x180 binaries/xsh_netinfo.o
                0x0000000000112a0d                xsh_netinfo
 .text          0x0000000000112b8d      0x1ec binaries/xsh_pdump.o
                0x0000000000112b8d                xsh_pdump
 .text          0x0000000000112d79        0xa binaries/xsh_ping.o
                0x0000000000112d79                xsh_ping
 .text          0x0000000000112d83      0x5d2 binaries/xsh_ping6.o
                0x0000000000112d83                sender
                0x0000000000112dd0                pollInputEof
                0x0000000000112e6d                xsh_ping6
 .text          0x0000000000113355      0x227 binaries/xsh_ps.o
                0x0000000000113355                xsh_ps
 .text          0x000000000011357c       0xd3 binaries/xsh_route.o
                0x000000000011357c                xsh_route
 .text          0x000000000011364f      0x225 binaries/xsh_sleep.o
                0x000000000011364f                xsh_sleep
 .text          0x0000000000113874      0x3c1 binaries/xsh_sp.o
                0x0000000000113874                xsh_sp
 .text          0x0000000000113c35        0xa binaries/xsh_udpdump.o
                0x0000000000113c35                xsh_udpdump
 .text          0x0000000000113c3f        0xa binaries/xsh_udpecho.o
                0x0000000000113c3f                xsh_udpecho
 .text          0x0000000000113c49        0xa binaries/xsh_udpserver.o
                0x0000000000113c49                xsh_udpeserver
 .text          0x0000000000113c53      0x1f3 binaries/xsh_uptime.o
                0x0000000000113c53                xsh_uptime
 .text          0x0000000000113e46        0xe binaries/clkdisp.o
                0x0000000000113e46                clkdisp
 .text          0x0000000000113e54       0x19 binaries/ctxsw.o
                0x0000000000113e54                ctxsw
 .text          0x0000000000113e6d      0x328 binaries/intr.o
                0x0000000000113e6d                disable
                0x0000000000113e76                restore
                0x0000000000113e84                enable
                0x0000000000113e86                pause
                0x0000000000113e8d                halt
                0x0000000000113e93                spurious_irq7
                0x0000000000113e98                spurious_irq15
                0x0000000000113ea7                _Xint0
                0x0000000000113eaf                _Xint1
                0x0000000000113eb7                _Xint2
                0x0000000000113ebf                _Xint3
                0x0000000000113ec7                _Xint4
                0x0000000000113ecf                _Xint5
                0x0000000000113eda                _Xint6
                0x0000000000113ee2                _Xint7
                0x0000000000113eea                _Xint8
                0x0000000000113ef2                _Xint9
                0x0000000000113efa                _Xint10
                0x0000000000113f02                _Xint11
                0x0000000000113f0a                _Xint12
                0x0000000000113f12                _Xint13
                0x0000000000113f1a                _Xint14
                0x0000000000113f25                _Xint15
                0x0000000000113f30                _Xint16
                0x0000000000113f3b                _Xint17
                0x0000000000113f46                _Xint18
                0x0000000000113f51                _Xint19
                0x0000000000113f5c                _Xint20
                0x0000000000113f67                _Xint21
                0x0000000000113f72                _Xint22
                0x0000000000113f7d                _Xint23
                0x0000000000113f88                _Xint24
                0x0000000000113f93                _Xint25
                0x0000000000113f9e                _Xint26
                0x0000000000113fa9                _Xint27
                0x0000000000113fb4                _Xint28
                0x0000000000113fbf                _Xint29
                0x0000000000113fca                _Xint30
                0x0000000000113fd5                _Xint31
                0x0000000000113fe0                _extint
                0x0000000000113ff4                _Xint32
                0x0000000000114003                _Xint33
                0x0000000000114012                _Xint34
                0x0000000000114021                _Xint35
                0x0000000000114030                _Xint36
                0x000000000011403f                _Xint37
                0x000000000011404e                _Xint38
                0x000000000011405d                _Xint39
                0x000000000011406c                _Xint40
                0x000000000011407b                _Xint41
                0x000000000011408a                _Xint42
                0x0000000000114099                _Xint43
                0x00000000001140a8                _Xint44
                0x00000000001140b7                _Xint45
                0x00000000001140c6                _Xint46
                0x00000000001140d5                defevec
 .text          0x0000000000114195        0xf binaries/ttydispatch.o
                0x0000000000114195                ttydispatch
 .text          0x00000000001141a4       0x13 binaries/ethdispatch.o
                0x00000000001141a4                ethdispatch
 *(.rodata .rodata.*)
 *fill*         0x00000000001141b7        0x1 
 .rodata        0x00000000001141b8       0x8e binaries/ascdate.o
 .rodata        0x0000000000114246       0xae binaries/conf.o
 .rodata        0x00000000001142f4       0x83 binaries/early_imr.o
 *fill*         0x0000000000114377        0x1 
 .rodata        0x0000000000114378      0x231 binaries/evec.o
 *fill*         0x00000000001145a9        0x3 
 .rodata        0x00000000001145ac      0x13e binaries/initialize.o
 *fill*         0x00000000001146ea        0x2 
 .rodata        0x00000000001146ec       0x20 binaries/kill.o
 .rodata        0x000000000011470c       0x2a binaries/main.o
 *fill*         0x0000000000114736        0x2 
 .rodata        0x0000000000114738       0x3e binaries/meminit.o
 .rodata        0x0000000000114776        0xf binaries/panic.o
 *fill*         0x0000000000114785        0x3 
 .rodata        0x0000000000114788       0x20 binaries/pci.o
 .rodata        0x00000000001147a8       0x1d binaries/ptinit.o
 *fill*         0x00000000001147c5        0x3 
 .rodata        0x00000000001147c8       0x25 binaries/ptsend.o
 .rodata        0x00000000001147ed       0x22 binaries/quark_pdat.o
 *fill*         0x000000000011480f        0x1 
 .rodata        0x0000000000114810       0xb7 binaries/stacktrace.o
 *fill*         0x00000000001148c7        0x1 
 .rodata        0x00000000001148c8       0x27 binaries/xdone.o
 *fill*         0x00000000001148ef       0x11 
 .rodata        0x0000000000114900       0x81 binaries/ctype_.o
                0x0000000000114900                _ctype_
 *fill*         0x0000000000114981        0x3 
 .rodata        0x0000000000114984       0xee binaries/doprnt.o
 *fill*         0x0000000000114a72        0x2 
 .rodata        0x0000000000114a74       0x98 binaries/doscan.o
 .rodata        0x0000000000114b0c       0xae binaries/fdoprnt.o
 *fill*         0x0000000000114bba        0x2 
 .rodata        0x0000000000114bbc       0x20 binaries/ttycontrol.o
 .rodata        0x0000000000114bdc       0x34 binaries/ttyhandler.o
 .rodata        0x0000000000114c10       0x80 binaries/naminit.o
 .rodata        0x0000000000114c90       0x52 binaries/ethinit.o
 *fill*         0x0000000000114ce2        0x2 
 .rodata        0x0000000000114ce4       0x2c binaries/rdsbufalloc.o
 .rodata        0x0000000000114d10       0x48 binaries/rdscontrol.o
 .rodata        0x0000000000114d58       0x96 binaries/rdsinit.o
 *fill*         0x0000000000114dee        0x2 
 .rodata        0x0000000000114df0       0x22 binaries/rdsopen.o
 *fill*         0x0000000000114e12        0x2 
 .rodata        0x0000000000114e14       0x4d binaries/rdsprocess.o
 .rodata        0x0000000000114e61        0x9 binaries/raminit.o
 *fill*         0x0000000000114e6a        0x2 
 .rodata        0x0000000000114e6c       0x37 binaries/lfdballoc.o
 .rodata        0x0000000000114ea3       0x14 binaries/lfiballoc.o
 *fill*         0x0000000000114eb7        0x1 
 .rodata        0x0000000000114eb8       0x23 binaries/lflcontrol.o
 *fill*         0x0000000000114edb        0x1 
 .rodata        0x0000000000114edc      0x11b binaries/lfsckfmt.o
 *fill*         0x0000000000114ff7        0x1 
 .rodata        0x0000000000114ff8       0x2a binaries/lfsopen.o
 *fill*         0x0000000000115022        0x2 
 .rodata        0x0000000000115024       0x21 binaries/rflread.o
 *fill*         0x0000000000115045        0x3 
 .rodata        0x0000000000115048       0x21 binaries/rflwrite.o
 *fill*         0x0000000000115069        0x3 
 .rodata        0x000000000011506c       0x3c binaries/rfscontrol.o
 .rodata        0x00000000001150a8       0x63 binaries/rfsinit.o
 *fill*         0x000000000011510b        0x1 
 .rodata        0x000000000011510c       0x2a binaries/rfsndmsg.o
 *fill*         0x0000000000115136        0x2 
 .rodata        0x0000000000115138       0x22 binaries/rfsopen.o
 .rodata        0x000000000011515a       0x1c binaries/dot2ip.o
 *fill*         0x0000000000115176        0x2 
 .rodata        0x0000000000115178       0xc9 binaries/hexdump.o
 *fill*         0x0000000000115241        0x3 
 .rodata        0x0000000000115244       0xbd binaries/icmp.o
 *fill*         0x0000000000115301        0x3 
 .rodata        0x0000000000115304       0x82 binaries/ip.o
 .rodata        0x0000000000115386       0x5a binaries/nat.o
 .rodata        0x00000000001153e0      0x1a0 binaries/nd.o
 .rodata        0x0000000000115580      0x171 binaries/net.o
 *fill*         0x00000000001156f1        0x3 
 .rodata        0x00000000001156f4       0x6c binaries/pdump.o
 .rodata        0x0000000000115760      0x411 binaries/shell.o
                0x0000000000115800                cmdtab
 .rodata        0x0000000000115b71       0x28 binaries/xsh_argecho.o
 *fill*         0x0000000000115b99        0x3 
 .rodata        0x0000000000115b9c       0xc9 binaries/xsh_cat.o
 .rodata        0x0000000000115c65       0x19 binaries/xsh_clear.o
 *fill*         0x0000000000115c7e        0x2 
 .rodata        0x0000000000115c80      0x1c3 binaries/xsh_date.o
 .rodata        0x0000000000115e43       0x5d binaries/xsh_devdump.o
 .rodata        0x0000000000115ea0        0x9 binaries/xsh_echo.o
 *fill*         0x0000000000115ea9        0x3 
 .rodata        0x0000000000115eac      0x169 binaries/xsh_help.o
 *fill*         0x0000000000116015        0x3 
 .rodata        0x0000000000116018      0x12e binaries/xsh_kill.o
 *fill*         0x0000000000116146        0x2 
 .rodata        0x0000000000116148      0x266 binaries/xsh_memdump.o
 *fill*         0x00000000001163ae        0x2 
 .rodata        0x00000000001163b0      0x225 binaries/xsh_memstat.o
 *fill*         0x00000000001165d5        0x3 
 .rodata        0x00000000001165d8       0x80 binaries/xsh_netinfo.o
 .rodata        0x0000000000116658       0xd1 binaries/xsh_pdump.o
 *fill*         0x0000000000116729        0x7 
 .rodata        0x0000000000116730      0x270 binaries/xsh_ping6.o
 .rodata        0x00000000001169a0      0x1e0 binaries/xsh_ps.o
 .rodata        0x0000000000116b80       0x96 binaries/xsh_route.o
 *fill*         0x0000000000116c16        0x2 
 .rodata        0x0000000000116c18       0xeb binaries/xsh_sleep.o
 *fill*         0x0000000000116d03        0x1 
 .rodata        0x0000000000116d04      0x236 binaries/xsh_sp.o
 *fill*         0x0000000000116f3a        0x2 
 .rodata        0x0000000000116f3c      0x105 binaries/xsh_uptime.o
                0x0000000000117041                etext = ABSOLUTE (.)
                0x0000000000118000                . = ALIGN (0x1000)
 *fill*         0x0000000000117041      0xfbf 

.eh_frame       0x0000000000118000     0x2d1c
 .eh_frame      0x0000000000118000       0x38 binaries/ascdate.o
 .eh_frame      0x0000000000118038       0x20 binaries/bufinit.o
                                         0x38 (size before relaxing)
 .eh_frame      0x0000000000118058       0x20 binaries/chprio.o
                                         0x38 (size before relaxing)
 .eh_frame      0x0000000000118078       0x20 binaries/clkhandler.o
                                         0x38 (size before relaxing)
 .eh_frame      0x0000000000118098       0x20 binaries/clkinit.o
                                         0x38 (size before relaxing)
 .eh_frame      0x00000000001180b8       0x20 binaries/close.o
                                         0x38 (size before relaxing)
 .eh_frame      0x00000000001180d8       0x20 binaries/control.o
                                         0x38 (size before relaxing)
 .eh_frame      0x00000000001180f8       0x40 binaries/create.o
                                         0x58 (size before relaxing)
 .eh_frame      0x0000000000118138      0x104 binaries/early_imr.o
                                        0x11c (size before relaxing)
 .eh_frame      0x000000000011823c       0xe0 binaries/evec.o
                                         0xf8 (size before relaxing)
 .eh_frame      0x000000000011831c       0x20 binaries/exit.o
                                         0x38 (size before relaxing)
 .eh_frame      0x000000000011833c       0x20 binaries/freebuf.o
                                         0x38 (size before relaxing)
 .eh_frame      0x000000000011835c       0x20 binaries/freemem.o
                                         0x38 (size before relaxing)
 .eh_frame      0x000000000011837c       0x20 binaries/getbuf.o
                                         0x38 (size before relaxing)
 .eh_frame      0x000000000011839c       0x20 binaries/getc.o
                                         0x38 (size before relaxing)
 .eh_frame      0x00000000001183bc       0x20 binaries/getdev.o
                                         0x38 (size before relaxing)
 .eh_frame      0x00000000001183dc       0x60 binaries/getitem.o
                                         0x78 (size before relaxing)
 .eh_frame      0x000000000011843c       0x20 binaries/getmem.o
                                         0x38 (size before relaxing)
 .eh_frame      0x000000000011845c       0x20 binaries/getpid.o
                                         0x38 (size before relaxing)
 .eh_frame      0x000000000011847c       0x20 binaries/getprio.o
                                         0x38 (size before relaxing)
 .eh_frame      0x000000000011849c       0x20 binaries/getstk.o
                                         0x38 (size before relaxing)
 .eh_frame      0x00000000001184bc       0x20 binaries/getticks.o
                                         0x38 (size before relaxing)
 .eh_frame      0x00000000001184dc       0x20 binaries/gettime.o
                                         0x38 (size before relaxing)
 .eh_frame      0x00000000001184fc       0x20 binaries/getutime.o
                                         0x38 (size before relaxing)
 .eh_frame      0x000000000011851c       0x20 binaries/init.o
                                         0x38 (size before relaxing)
 .eh_frame      0x000000000011853c       0x9c binaries/initialize.o
                                         0xb4 (size before relaxing)
 .eh_frame      0x00000000001185d8       0x20 binaries/insert.o
                                         0x38 (size before relaxing)
 .eh_frame      0x00000000001185f8       0x20 binaries/insertd.o
                                         0x38 (size before relaxing)
 .eh_frame      0x0000000000118618       0x20 binaries/ioerr.o
                                         0x38 (size before relaxing)
 .eh_frame      0x0000000000118638       0x20 binaries/ionull.o
                                         0x38 (size before relaxing)
 .eh_frame      0x0000000000118658       0x20 binaries/kill.o
                                         0x38 (size before relaxing)
 .eh_frame      0x0000000000118678       0x60 binaries/kprintf.o
                                         0x78 (size before relaxing)
 .eh_frame      0x00000000001186d8       0x24 binaries/main.o
                                         0x3c (size before relaxing)
 .eh_frame      0x00000000001186fc       0x40 binaries/mark.o
                                         0x58 (size before relaxing)
 .eh_frame      0x000000000011873c       0x44 binaries/meminit.o
                                         0x5c (size before relaxing)
 .eh_frame      0x0000000000118780       0x20 binaries/mkbufpool.o
                                         0x38 (size before relaxing)
 .eh_frame      0x00000000001187a0       0x20 binaries/newqueue.o
                                         0x38 (size before relaxing)
 .eh_frame      0x00000000001187c0       0x20 binaries/open.o
                                         0x38 (size before relaxing)
 .eh_frame      0x00000000001187e0       0x1c binaries/panic.o
                                         0x34 (size before relaxing)
 .eh_frame      0x00000000001187fc      0x1e0 binaries/pci.o
                                        0x1f8 (size before relaxing)
 .eh_frame      0x00000000001189dc       0x60 binaries/platinit.o
                                         0x78 (size before relaxing)
 .eh_frame      0x0000000000118a3c       0x20 binaries/ptclear.o
                                         0x38 (size before relaxing)
 .eh_frame      0x0000000000118a5c       0x20 binaries/ptcount.o
                                         0x38 (size before relaxing)
 .eh_frame      0x0000000000118a7c       0x20 binaries/ptcreate.o
                                         0x38 (size before relaxing)
 .eh_frame      0x0000000000118a9c       0x20 binaries/ptdelete.o
                                         0x38 (size before relaxing)
 .eh_frame      0x0000000000118abc       0x20 binaries/ptinit.o
                                         0x38 (size before relaxing)
 .eh_frame      0x0000000000118adc       0x20 binaries/ptrecv.o
                                         0x38 (size before relaxing)
 .eh_frame      0x0000000000118afc       0x20 binaries/ptreset.o
                                         0x38 (size before relaxing)
 .eh_frame      0x0000000000118b1c       0x20 binaries/ptsend.o
                                         0x38 (size before relaxing)
 .eh_frame      0x0000000000118b3c       0x20 binaries/putc.o
                                         0x38 (size before relaxing)
 .eh_frame      0x0000000000118b5c       0x20 binaries/quark_irq.o
                                         0x38 (size before relaxing)
 .eh_frame      0x0000000000118b7c       0x40 binaries/quark_pdat.o
                                         0x58 (size before relaxing)
 .eh_frame      0x0000000000118bbc       0x40 binaries/queue.o
                                         0x58 (size before relaxing)
 .eh_frame      0x0000000000118bfc       0x20 binaries/read.o
                                         0x38 (size before relaxing)
 .eh_frame      0x0000000000118c1c       0x24 binaries/ready.o
                                         0x3c (size before relaxing)
 .eh_frame      0x0000000000118c40       0x20 binaries/receive.o
                                         0x38 (size before relaxing)
 .eh_frame      0x0000000000118c60       0x20 binaries/recvclr.o
                                         0x38 (size before relaxing)
 .eh_frame      0x0000000000118c80       0x20 binaries/recvtime.o
                                         0x38 (size before relaxing)
 .eh_frame      0x0000000000118ca0       0x40 binaries/resched.o
                                         0x58 (size before relaxing)
 .eh_frame      0x0000000000118ce0       0x20 binaries/resume.o
                                         0x38 (size before relaxing)
 .eh_frame      0x0000000000118d00       0x20 binaries/seek.o
                                         0x38 (size before relaxing)
 .eh_frame      0x0000000000118d20       0x20 binaries/semcount.o
                                         0x38 (size before relaxing)
 .eh_frame      0x0000000000118d40       0x40 binaries/semcreate.o
                                         0x58 (size before relaxing)
 .eh_frame      0x0000000000118d80       0x20 binaries/semdelete.o
                                         0x38 (size before relaxing)
 .eh_frame      0x0000000000118da0       0x20 binaries/semreset.o
                                         0x38 (size before relaxing)
 .eh_frame      0x0000000000118dc0       0x20 binaries/send.o
                                         0x38 (size before relaxing)
 .eh_frame      0x0000000000118de0       0x20 binaries/signal.o
                                         0x38 (size before relaxing)
 .eh_frame      0x0000000000118e00       0x20 binaries/signaln.o
                                         0x38 (size before relaxing)
 .eh_frame      0x0000000000118e20       0x40 binaries/sleep.o
                                         0x58 (size before relaxing)
 .eh_frame      0x0000000000118e60       0x20 binaries/stacktrace.o
                                         0x38 (size before relaxing)
 .eh_frame      0x0000000000118e80       0x20 binaries/suspend.o
                                         0x38 (size before relaxing)
 .eh_frame      0x0000000000118ea0       0x20 binaries/unsleep.o
                                         0x38 (size before relaxing)
 .eh_frame      0x0000000000118ec0       0x20 binaries/userret.o
                                         0x38 (size before relaxing)
 .eh_frame      0x0000000000118ee0       0x20 binaries/wait.o
                                         0x38 (size before relaxing)
 .eh_frame      0x0000000000118f00       0x20 binaries/wakeup.o
                                         0x38 (size before relaxing)
 .eh_frame      0x0000000000118f20       0x20 binaries/write.o
                                         0x38 (size before relaxing)
 .eh_frame      0x0000000000118f40       0x20 binaries/xdone.o
                                         0x38 (size before relaxing)
 .eh_frame      0x0000000000118f60       0x20 binaries/yield.o
                                         0x38 (size before relaxing)
 .eh_frame      0x0000000000118f80       0x20 binaries/abs.o
                                         0x38 (size before relaxing)
 .eh_frame      0x0000000000118fa0       0x20 binaries/atoi.o
                                         0x38 (size before relaxing)
 .eh_frame      0x0000000000118fc0       0x20 binaries/atol.o
                                         0x38 (size before relaxing)
 .eh_frame      0x0000000000118fe0       0x20 binaries/bzero.o
                                         0x38 (size before relaxing)
 .eh_frame      0x0000000000119000       0xe0 binaries/doprnt.o
                                         0xf8 (size before relaxing)
 .eh_frame      0x00000000001190e0       0xb0 binaries/doscan.o
                                         0xc8 (size before relaxing)
 .eh_frame      0x0000000000119190       0xc0 binaries/fdoprnt.o
                                         0xd8 (size before relaxing)
 .eh_frame      0x0000000000119250       0x20 binaries/fgetc.o
                                         0x38 (size before relaxing)
 .eh_frame      0x0000000000119270       0x20 binaries/fgets.o
                                         0x38 (size before relaxing)
 .eh_frame      0x0000000000119290       0x20 binaries/fprintf.o
                                         0x38 (size before relaxing)
 .eh_frame      0x00000000001192b0       0x20 binaries/fputc.o
                                         0x38 (size before relaxing)
 .eh_frame      0x00000000001192d0       0x20 binaries/fputs.o
                                         0x38 (size before relaxing)
 .eh_frame      0x00000000001192f0       0x60 binaries/fscanf.o
                                         0x78 (size before relaxing)
 .eh_frame      0x0000000000119350       0x20 binaries/getchar.o
                                         0x38 (size before relaxing)
 .eh_frame      0x0000000000119370       0x20 binaries/labs.o
                                         0x38 (size before relaxing)
 .eh_frame      0x0000000000119390       0x20 binaries/memcmp.o
                                         0x38 (size before relaxing)
 .eh_frame      0x00000000001193b0       0x24 binaries/memcpy.o
                                         0x3c (size before relaxing)
 .eh_frame      0x00000000001193d4       0x24 binaries/memset.o
                                         0x3c (size before relaxing)
 .eh_frame      0x00000000001193f8       0x20 binaries/printf.o
                                         0x38 (size before relaxing)
 .eh_frame      0x0000000000119418       0x20 binaries/putchar.o
                                         0x38 (size before relaxing)
 .eh_frame      0x0000000000119438       0xa8 binaries/qsort.o
                                         0xc0 (size before relaxing)
 .eh_frame      0x00000000001194e0       0x60 binaries/rand.o
                                         0x78 (size before relaxing)
 .eh_frame      0x0000000000119540       0x40 binaries/sprintf.o
                                         0x58 (size before relaxing)
 .eh_frame      0x0000000000119580       0x60 binaries/sscanf.o
                                         0x78 (size before relaxing)
 .eh_frame      0x00000000001195e0       0x20 binaries/strchr.o
                                         0x38 (size before relaxing)
 .eh_frame      0x0000000000119600       0x20 binaries/strcmp.o
                                         0x38 (size before relaxing)
 .eh_frame      0x0000000000119620       0x20 binaries/strcpy.o
                                         0x38 (size before relaxing)
 .eh_frame      0x0000000000119640       0x20 binaries/strlen.o
                                         0x38 (size before relaxing)
 .eh_frame      0x0000000000119660       0x20 binaries/strncat.o
                                         0x38 (size before relaxing)
 .eh_frame      0x0000000000119680       0x20 binaries/strncmp.o
                                         0x38 (size before relaxing)
 .eh_frame      0x00000000001196a0       0x28 binaries/strncpy.o
                                         0x40 (size before relaxing)
 .eh_frame      0x00000000001196c8       0x20 binaries/strnlen.o
                                         0x38 (size before relaxing)
 .eh_frame      0x00000000001196e8       0x20 binaries/strrchr.o
                                         0x38 (size before relaxing)
 .eh_frame      0x0000000000119708       0x20 binaries/strstr.o
                                         0x38 (size before relaxing)
 .eh_frame      0x0000000000119728       0x20 binaries/ttycontrol.o
                                         0x38 (size before relaxing)
 .eh_frame      0x0000000000119748       0x20 binaries/ttygetc.o
                                         0x38 (size before relaxing)
 .eh_frame      0x0000000000119768       0x80 binaries/ttyhandle_in.o
                                         0x98 (size before relaxing)
 .eh_frame      0x00000000001197e8       0x20 binaries/ttyhandle_out.o
                                         0x38 (size before relaxing)
 .eh_frame      0x0000000000119808       0x20 binaries/ttyhandler.o
                                         0x38 (size before relaxing)
 .eh_frame      0x0000000000119828       0x20 binaries/ttyinit.o
                                         0x38 (size before relaxing)
 .eh_frame      0x0000000000119848       0x20 binaries/ttykickout.o
                                         0x38 (size before relaxing)
 .eh_frame      0x0000000000119868       0x20 binaries/ttyputc.o
                                         0x38 (size before relaxing)
 .eh_frame      0x0000000000119888       0x24 binaries/ttyread.o
                                         0x3c (size before relaxing)
 .eh_frame      0x00000000001198ac       0x20 binaries/ttywrite.o
                                         0x38 (size before relaxing)
 .eh_frame      0x00000000001198cc       0x40 binaries/mount.o
                                         0x58 (size before relaxing)
 .eh_frame      0x000000000011990c       0x20 binaries/naminit.o
                                         0x38 (size before relaxing)
 .eh_frame      0x000000000011992c       0x60 binaries/nammap.o
                                         0x78 (size before relaxing)
 .eh_frame      0x000000000011998c       0x20 binaries/namopen.o
                                         0x38 (size before relaxing)
 .eh_frame      0x00000000001199ac       0x20 binaries/ethcontrol.o
                                         0x38 (size before relaxing)
 .eh_frame      0x00000000001199cc       0x20 binaries/ethhandler.o
                                         0x38 (size before relaxing)
 .eh_frame      0x00000000001199ec       0x9c binaries/ethinit.o
                                         0xb4 (size before relaxing)
 .eh_frame      0x0000000000119a88       0x40 binaries/ethmcast.o
                                         0x58 (size before relaxing)
 .eh_frame      0x0000000000119ac8       0x20 binaries/ethread.o
                                         0x38 (size before relaxing)
 .eh_frame      0x0000000000119ae8       0x20 binaries/ethwrite.o
                                         0x38 (size before relaxing)
 .eh_frame      0x0000000000119b08       0x20 binaries/rdsbufalloc.o
                                         0x38 (size before relaxing)
 .eh_frame      0x0000000000119b28       0x20 binaries/rdsclose.o
                                         0x38 (size before relaxing)
 .eh_frame      0x0000000000119b48       0x20 binaries/rdscomm.o
                                         0x38 (size before relaxing)
 .eh_frame      0x0000000000119b68       0x20 binaries/rdscontrol.o
                                         0x38 (size before relaxing)
 .eh_frame      0x0000000000119b88       0x20 binaries/rdsinit.o
                                         0x38 (size before relaxing)
 .eh_frame      0x0000000000119ba8       0x20 binaries/rdsopen.o
                                         0x38 (size before relaxing)
 .eh_frame      0x0000000000119bc8       0x1c binaries/rdsprocess.o
                                         0x34 (size before relaxing)
 .eh_frame      0x0000000000119be4       0x20 binaries/rdsread.o
                                         0x38 (size before relaxing)
 .eh_frame      0x0000000000119c04       0x20 binaries/rdswrite.o
                                         0x38 (size before relaxing)
 .eh_frame      0x0000000000119c24       0x20 binaries/ramclose.o
                                         0x38 (size before relaxing)
 .eh_frame      0x0000000000119c44       0x20 binaries/raminit.o
                                         0x38 (size before relaxing)
 .eh_frame      0x0000000000119c64       0x20 binaries/ramopen.o
                                         0x38 (size before relaxing)
 .eh_frame      0x0000000000119c84       0x20 binaries/ramread.o
                                         0x38 (size before relaxing)
 .eh_frame      0x0000000000119ca4       0x20 binaries/ramwrite.o
                                         0x38 (size before relaxing)
 .eh_frame      0x0000000000119cc4       0x20 binaries/lfdballoc.o
                                         0x38 (size before relaxing)
 .eh_frame      0x0000000000119ce4       0x20 binaries/lfdbfree.o
                                         0x38 (size before relaxing)
 .eh_frame      0x0000000000119d04       0x20 binaries/lfflush.o
                                         0x38 (size before relaxing)
 .eh_frame      0x0000000000119d24       0x20 binaries/lfgetmode.o
                                         0x38 (size before relaxing)
 .eh_frame      0x0000000000119d44       0x20 binaries/lfiballoc.o
                                         0x38 (size before relaxing)
 .eh_frame      0x0000000000119d64       0x20 binaries/lfibclear.o
                                         0x38 (size before relaxing)
 .eh_frame      0x0000000000119d84       0x20 binaries/lfibget.o
                                         0x38 (size before relaxing)
 .eh_frame      0x0000000000119da4       0x20 binaries/lfibput.o
                                         0x38 (size before relaxing)
 .eh_frame      0x0000000000119dc4       0x20 binaries/lflclose.o
                                         0x38 (size before relaxing)
 .eh_frame      0x0000000000119de4       0x20 binaries/lflcontrol.o
                                         0x38 (size before relaxing)
 .eh_frame      0x0000000000119e04       0x20 binaries/lflgetc.o
                                         0x38 (size before relaxing)
 .eh_frame      0x0000000000119e24       0x20 binaries/lflinit.o
                                         0x38 (size before relaxing)
 .eh_frame      0x0000000000119e44       0x20 binaries/lflputc.o
                                         0x38 (size before relaxing)
 .eh_frame      0x0000000000119e64       0x20 binaries/lflread.o
                                         0x38 (size before relaxing)
 .eh_frame      0x0000000000119e84       0x20 binaries/lflseek.o
                                         0x38 (size before relaxing)
 .eh_frame      0x0000000000119ea4       0x20 binaries/lflwrite.o
                                         0x38 (size before relaxing)
 .eh_frame      0x0000000000119ec4       0x20 binaries/lfscheck.o
                                         0x38 (size before relaxing)
 .eh_frame      0x0000000000119ee4       0x20 binaries/lfsckfmt.o
                                         0x38 (size before relaxing)
 .eh_frame      0x0000000000119f04       0x20 binaries/lfscreate.o
                                         0x38 (size before relaxing)
 .eh_frame      0x0000000000119f24       0x20 binaries/lfsetup.o
                                         0x38 (size before relaxing)
 .eh_frame      0x0000000000119f44       0x20 binaries/lfsinit.o
                                         0x38 (size before relaxing)
 .eh_frame      0x0000000000119f64       0x20 binaries/lfsopen.o
                                         0x38 (size before relaxing)
 .eh_frame      0x0000000000119f84       0x20 binaries/lftruncate.o
                                         0x38 (size before relaxing)
 .eh_frame      0x0000000000119fa4       0x20 binaries/rflclose.o
                                         0x38 (size before relaxing)
 .eh_frame      0x0000000000119fc4       0x20 binaries/rflgetc.o
                                         0x38 (size before relaxing)
 .eh_frame      0x0000000000119fe4       0x20 binaries/rflinit.o
                                         0x38 (size before relaxing)
 .eh_frame      0x000000000011a004       0x20 binaries/rflputc.o
                                         0x38 (size before relaxing)
 .eh_frame      0x000000000011a024       0x20 binaries/rflread.o
                                         0x38 (size before relaxing)
 .eh_frame      0x000000000011a044       0x20 binaries/rflseek.o
                                         0x38 (size before relaxing)
 .eh_frame      0x000000000011a064       0x20 binaries/rflwrite.o
                                         0x38 (size before relaxing)
 .eh_frame      0x000000000011a084       0x20 binaries/rfscomm.o
                                         0x38 (size before relaxing)
 .eh_frame      0x000000000011a0a4       0x20 binaries/rfscontrol.o
                                         0x38 (size before relaxing)
 .eh_frame      0x000000000011a0c4       0x20 binaries/rfsgetmode.o
                                         0x38 (size before relaxing)
 .eh_frame      0x000000000011a0e4       0x20 binaries/rfsinit.o
                                         0x38 (size before relaxing)
 .eh_frame      0x000000000011a104       0x20 binaries/rfsndmsg.o
                                         0x38 (size before relaxing)
 .eh_frame      0x000000000011a124       0x20 binaries/rfsopen.o
                                         0x38 (size before relaxing)
 .eh_frame      0x000000000011a144       0x20 binaries/dns.o
                                         0x38 (size before relaxing)
 .eh_frame      0x000000000011a164       0x40 binaries/dot2ip.o
                                         0x58 (size before relaxing)
 .eh_frame      0x000000000011a1a4       0x40 binaries/hexdump.o
                                         0x58 (size before relaxing)
 .eh_frame      0x000000000011a1e4      0x104 binaries/icmp.o
                                        0x11c (size before relaxing)
 .eh_frame      0x000000000011a2e8      0x1c8 binaries/ip.o
                                        0x1e0 (size before relaxing)
 .eh_frame      0x000000000011a4b0       0x40 binaries/nat.o
                                         0x58 (size before relaxing)
 .eh_frame      0x000000000011a4f0      0x19c binaries/nd.o
                                        0x1b4 (size before relaxing)
 .eh_frame      0x000000000011a68c       0xc0 binaries/net.o
                                         0xd8 (size before relaxing)
 .eh_frame      0x000000000011a74c       0x5c binaries/pdump.o
                                         0x74 (size before relaxing)
 .eh_frame      0x000000000011a7a8      0x140 binaries/udp.o
                                        0x158 (size before relaxing)
 .eh_frame      0x000000000011a8e8       0x20 binaries/addargs.o
                                         0x38 (size before relaxing)
 .eh_frame      0x000000000011a908       0x20 binaries/lexan.o
                                         0x38 (size before relaxing)
 .eh_frame      0x000000000011a928       0x20 binaries/shell.o
                                         0x38 (size before relaxing)
 .eh_frame      0x000000000011a948       0x20 binaries/xsh_argecho.o
                                         0x38 (size before relaxing)
 .eh_frame      0x000000000011a968       0x20 binaries/xsh_arp.o
                                         0x38 (size before relaxing)
 .eh_frame      0x000000000011a988       0x20 binaries/xsh_cat.o
                                         0x38 (size before relaxing)
 .eh_frame      0x000000000011a9a8       0x20 binaries/xsh_clear.o
                                         0x38 (size before relaxing)
 .eh_frame      0x000000000011a9c8       0x20 binaries/xsh_date.o
                                         0x38 (size before relaxing)
 .eh_frame      0x000000000011a9e8       0x20 binaries/xsh_devdump.o
                                         0x38 (size before relaxing)
 .eh_frame      0x000000000011aa08       0x20 binaries/xsh_echo.o
                                         0x38 (size before relaxing)
 .eh_frame      0x000000000011aa28       0x20 binaries/xsh_exit.o
                                         0x38 (size before relaxing)
 .eh_frame      0x000000000011aa48       0x20 binaries/xsh_help.o
                                         0x38 (size before relaxing)
 .eh_frame      0x000000000011aa68       0x20 binaries/xsh_kill.o
                                         0x38 (size before relaxing)
 .eh_frame      0x000000000011aa88       0x40 binaries/xsh_memdump.o
                                         0x58 (size before relaxing)
 .eh_frame      0x000000000011aac8       0x60 binaries/xsh_memstat.o
                                         0x78 (size before relaxing)
 .eh_frame      0x000000000011ab28       0x30 binaries/xsh_netinfo.o
                                         0x48 (size before relaxing)
 .eh_frame      0x000000000011ab58       0x24 binaries/xsh_pdump.o
                                         0x3c (size before relaxing)
 .eh_frame      0x000000000011ab7c       0x20 binaries/xsh_ping.o
                                         0x38 (size before relaxing)
 .eh_frame      0x000000000011ab9c       0x60 binaries/xsh_ping6.o
                                         0x78 (size before relaxing)
 .eh_frame      0x000000000011abfc       0x30 binaries/xsh_ps.o
                                         0x48 (size before relaxing)
 .eh_frame      0x000000000011ac2c       0x20 binaries/xsh_route.o
                                         0x38 (size before relaxing)
 .eh_frame      0x000000000011ac4c       0x20 binaries/xsh_sleep.o
                                         0x38 (size before relaxing)
 .eh_frame      0x000000000011ac6c       0x30 binaries/xsh_sp.o
                                         0x48 (size before relaxing)
 .eh_frame      0x000000000011ac9c       0x20 binaries/xsh_udpdump.o
                                         0x38 (size before relaxing)
 .eh_frame      0x000000000011acbc       0x20 binaries/xsh_udpecho.o
                                         0x38 (size before relaxing)
 .eh_frame      0x000000000011acdc       0x20 binaries/xsh_udpserver.o
                                         0x38 (size before relaxing)
 .eh_frame      0x000000000011acfc       0x20 binaries/xsh_uptime.o
                                         0x38 (size before relaxing)

.iplt           0x000000000011ad20        0x0
 .iplt          0x000000000011ad20        0x0 binaries/start.o

.rel.dyn        0x000000000011ad1c        0x0
 .rel.iplt      0x000000000011ad1c        0x0 binaries/start.o
 .rel.text      0x000000000011ad1c        0x0 binaries/start.o
 .rel.data      0x000000000011ad1c        0x0 binaries/start.o
 .rel.rodata    0x000000000011ad1c        0x0 binaries/start.o

.data           0x000000000011ad20     0x22e0
                0x000000000011ad20                data = ABSOLUTE (.)
 *(.data .data.*)
 .data          0x000000000011ad20      0x83a binaries/start.o
                0x000000000011ad20                gdt
                0x000000000011ad50                idt
                0x000000000011b556                cpudelay
 *fill*         0x000000000011b55a        0x6 
 .data          0x000000000011b560       0x88 binaries/ascdate.o
                0x000000000011b560                Date
 .data          0x000000000011b5e8        0x0 binaries/bufinit.o
 .data          0x000000000011b5e8        0x0 binaries/chprio.o
 .data          0x000000000011b5e8        0x4 binaries/clkhandler.o
 .data          0x000000000011b5ec        0x4 binaries/clkinit.o
                0x000000000011b5ec                hpet
 .data          0x000000000011b5f0        0x0 binaries/close.o
 *fill*         0x000000000011b5f0       0x10 
 .data          0x000000000011b600      0x5a0 binaries/conf.o
                0x000000000011b600                devtab
 .data          0x000000000011bba0        0x0 binaries/control.o
 .data          0x000000000011bba0        0x4 binaries/create.o
 .data          0x000000000011bba4        0x0 binaries/early_imr.o
 *fill*         0x000000000011bba4       0x1c 
 .data          0x000000000011bbc0       0x60 binaries/evec.o
                0x000000000011bbc0                lapic
                0x000000000011bbe0                inames
 .data          0x000000000011bc20        0x0 binaries/exit.o
 .data          0x000000000011bc20        0x0 binaries/freebuf.o
 .data          0x000000000011bc20        0x0 binaries/freemem.o
 .data          0x000000000011bc20        0x0 binaries/getbuf.o
 .data          0x000000000011bc20        0x0 binaries/getc.o
 .data          0x000000000011bc20        0x0 binaries/getdev.o
 .data          0x000000000011bc20        0x0 binaries/getitem.o
 .data          0x000000000011bc20        0x0 binaries/getmem.o
 .data          0x000000000011bc20        0x0 binaries/getpid.o
 .data          0x000000000011bc20        0x0 binaries/getprio.o
 .data          0x000000000011bc20        0x0 binaries/getstk.o
 .data          0x000000000011bc20        0x0 binaries/getticks.o
 .data          0x000000000011bc20        0x0 binaries/gettime.o
 .data          0x000000000011bc20        0x0 binaries/getutime.o
 .data          0x000000000011bc20        0x0 binaries/init.o
 .data          0x000000000011bc20        0x0 binaries/initialize.o
 .data          0x000000000011bc20        0x0 binaries/insert.o
 .data          0x000000000011bc20        0x0 binaries/insertd.o
 .data          0x000000000011bc20        0x0 binaries/ioerr.o
 .data          0x000000000011bc20        0x0 binaries/ionull.o
 .data          0x000000000011bc20        0x0 binaries/kill.o
 .data          0x000000000011bc20        0x0 binaries/kprintf.o
[...]
 .comment       0x000000000000002a       0x2b binaries/lexan.o
 .comment       0x000000000000002a       0x2b binaries/shell.o
 .comment       0x000000000000002a       0x2b binaries/xsh_argecho.o
 .comment       0x000000000000002a       0x2b binaries/xsh_arp.o
 .comment       0x000000000000002a       0x2b binaries/xsh_cat.o
 .comment       0x000000000000002a       0x2b binaries/xsh_clear.o
 .comment       0x000000000000002a       0x2b binaries/xsh_date.o
 .comment       0x000000000000002a       0x2b binaries/xsh_devdump.o
 .comment       0x000000000000002a       0x2b binaries/xsh_echo.o
 .comment       0x000000000000002a       0x2b binaries/xsh_exit.o
 .comment       0x000000000000002a       0x2b binaries/xsh_help.o
 .comment       0x000000000000002a       0x2b binaries/xsh_kill.o
 .comment       0x000000000000002a       0x2b binaries/xsh_memdump.o
 .comment       0x000000000000002a       0x2b binaries/xsh_memstat.o
 .comment       0x000000000000002a       0x2b binaries/xsh_netinfo.o
 .comment       0x000000000000002a       0x2b binaries/xsh_pdump.o
 .comment       0x000000000000002a       0x2b binaries/xsh_ping.o
 .comment       0x000000000000002a       0x2b binaries/xsh_ping6.o
 .comment       0x000000000000002a       0x2b binaries/xsh_ps.o
 .comment       0x000000000000002a       0x2b binaries/xsh_route.o
 .comment       0x000000000000002a       0x2b binaries/xsh_sleep.o
 .comment       0x000000000000002a       0x2b binaries/xsh_sp.o
 .comment       0x000000000000002a       0x2b binaries/xsh_udpdump.o
 .comment       0x000000000000002a       0x2b binaries/xsh_udpecho.o
 .comment       0x000000000000002a       0x2b binaries/xsh_udpserver.o
 .comment       0x000000000000002a       0x2b binaries/xsh_uptime.o

.note.GNU-stack
                0x0000000000000000        0x0
 .note.GNU-stack
                0x0000000000000000        0x0 binaries/ascdate.o
 .note.GNU-stack
                0x0000000000000000        0x0 binaries/bufinit.o
 .note.GNU-stack
                0x0000000000000000        0x0 binaries/chprio.o
 .note.GNU-stack
                0x0000000000000000        0x0 binaries/clkhandler.o
 .note.GNU-stack
                0x0000000000000000        0x0 binaries/clkinit.o
 .note.GNU-stack
                0x0000000000000000        0x0 binaries/close.o
 .note.GNU-stack
                0x0000000000000000        0x0 binaries/conf.o
 .note.GNU-stack
                0x0000000000000000        0x0 binaries/control.o
 .note.GNU-stack
                0x0000000000000000        0x0 binaries/create.o
 .note.GNU-stack
                0x0000000000000000        0x0 binaries/early_imr.o
 .note.GNU-stack
                0x0000000000000000        0x0 binaries/evec.o
 .note.GNU-stack
                0x0000000000000000        0x0 binaries/exit.o
 .note.GNU-stack
                0x0000000000000000        0x0 binaries/freebuf.o
 .note.GNU-stack
                0x0000000000000000        0x0 binaries/freemem.o
 .note.GNU-stack
                0x0000000000000000        0x0 binaries/getbuf.o
 .note.GNU-stack
                0x0000000000000000        0x0 binaries/getc.o
 .note.GNU-stack
                0x0000000000000000        0x0 binaries/getdev.o
 .note.GNU-stack
                0x0000000000000000        0x0 binaries/getitem.o
 .note.GNU-stack
                0x0000000000000000        0x0 binaries/getmem.o
 .note.GNU-stack
                0x0000000000000000        0x0 binaries/getpid.o
 .note.GNU-stack
                0x0000000000000000        0x0 binaries/getprio.o
 .note.GNU-stack
                0x0000000000000000        0x0 binaries/getstk.o
 .note.GNU-stack
                0x0000000000000000        0x0 binaries/getticks.o
 .note.GNU-stack
                0x0000000000000000        0x0 binaries/gettime.o
 .note.GNU-stack
                0x0000000000000000        0x0 binaries/getutime.o
 .note.GNU-stack
                0x0000000000000000        0x0 binaries/init.o
 .note.GNU-stack
                0x0000000000000000        0x0 binaries/initialize.o
 .note.GNU-stack
                0x0000000000000000        0x0 binaries/insert.o
 .note.GNU-stack
                0x0000000000000000        0x0 binaries/insertd.o
 .note.GNU-stack
                0x0000000000000000        0x0 binaries/ioerr.o
 .note.GNU-stack
                0x0000000000000000        0x0 binaries/ionull.o
 .note.GNU-stack
                0x0000000000000000        0x0 binaries/kill.o
 .note.GNU-stack
                0x0000000000000000        0x0 binaries/kprintf.o
 .note.GNU-stack
                0x0000000000000000        0x0 binaries/main.o
 .note.GNU-stack
                0x0000000000000000        0x0 binaries/mark.o
 .note.GNU-stack
                0x0000000000000000        0x0 binaries/meminit.o
 .note.GNU-stack
                0x0000000000000000        0x0 binaries/mkbufpool.o
 .note.GNU-stack
                0x0000000000000000        0x0 binaries/newqueue.o
 .note.GNU-stack
                0x0000000000000000        0x0 binaries/open.o
 .note.GNU-stack
                0x0000000000000000        0x0 binaries/panic.o
 .note.GNU-stack
                0x0000000000000000        0x0 binaries/pci.o
 .note.GNU-stack
                0x0000000000000000        0x0 binaries/platinit.o
 .note.GNU-stack
                0x0000000000000000        0x0 binaries/ptclear.o
 .note.GNU-stack
                0x0000000000000000        0x0 binaries/ptcount.o
 .note.GNU-stack
                0x0000000000000000        0x0 binaries/ptcreate.o
 .note.GNU-stack
                0x0000000000000000        0x0 binaries/ptdelete.o
 .note.GNU-stack
                0x0000000000000000        0x0 binaries/ptinit.o
 .note.GNU-stack
                0x0000000000000000        0x0 binaries/ptrecv.o
 .note.GNU-stack
                0x0000000000000000        0x0 binaries/ptreset.o
 .note.GNU-stack
                0x0000000000000000        0x0 binaries/ptsend.o
 .note.GNU-stack
                0x0000000000000000        0x0 binaries/putc.o
 .note.GNU-stack
                0x0000000000000000        0x0 binaries/quark_irq.o
 .note.GNU-stack
                0x0000000000000000        0x0 binaries/quark_pdat.o
 .note.GNU-stack
                0x0000000000000000        0x0 binaries/queue.o
 .note.GNU-stack
                0x0000000000000000        0x0 binaries/read.o
 .note.GNU-stack
                0x0000000000000000        0x0 binaries/ready.o
 .note.GNU-stack
                0x0000000000000000        0x0 binaries/receive.o
 .note.GNU-stack
                0x0000000000000000        0x0 binaries/recvclr.o
 .note.GNU-stack
                0x0000000000000000        0x0 binaries/recvtime.o
 .note.GNU-stack
                0x0000000000000000        0x0 binaries/resched.o
 .note.GNU-stack
                0x0000000000000000        0x0 binaries/resume.o
 .note.GNU-stack
                0x0000000000000000        0x0 binaries/seek.o
 .note.GNU-stack
                0x0000000000000000        0x0 binaries/semcount.o
 .note.GNU-stack
                0x0000000000000000        0x0 binaries/semcreate.o
 .note.GNU-stack
                0x0000000000000000        0x0 binaries/semdelete.o
 .note.GNU-stack
                0x0000000000000000        0x0 binaries/semreset.o
 .note.GNU-stack
                0x0000000000000000        0x0 binaries/send.o
 .note.GNU-stack
                0x0000000000000000        0x0 binaries/signal.o
 .note.GNU-stack
                0x0000000000000000        0x0 binaries/signaln.o
 .note.GNU-stack
                0x0000000000000000        0x0 binaries/sleep.o
 .note.GNU-stack
                0x0000000000000000        0x0 binaries/stacktrace.o
 .note.GNU-stack
                0x0000000000000000        0x0 binaries/suspend.o
 .note.GNU-stack
                0x0000000000000000        0x0 binaries/unsleep.o
 .note.GNU-stack
                0x0000000000000000        0x0 binaries/userret.o
 .note.GNU-stack
                0x0000000000000000        0x0 binaries/wait.o
 .note.GNU-stack
                0x0000000000000000        0x0 binaries/wakeup.o
 .note.GNU-stack
                0x0000000000000000        0x0 binaries/write.o
 .note.GNU-stack
                0x0000000000000000        0x0 binaries/xdone.o
 .note.GNU-stack
                0x0000000000000000        0x0 binaries/yield.o
 .note.GNU-stack
                0x0000000000000000        0x0 binaries/abs.o
 .note.GNU-stack
                0x0000000000000000        0x0 binaries/atoi.o
 .note.GNU-stack
                0x0000000000000000        0x0 binaries/atol.o
 .note.GNU-stack
                0x0000000000000000        0x0 binaries/bzero.o
 .note.GNU-stack
                0x0000000000000000        0x0 binaries/ctype_.o
 .note.GNU-stack
                0x0000000000000000        0x0 binaries/doprnt.o
 .note.GNU-stack
                0x0000000000000000        0x0 binaries/doscan.o
 .note.GNU-stack
                0x0000000000000000        0x0 binaries/fdoprnt.o
 .note.GNU-stack
                0x0000000000000000        0x0 binaries/fgetc.o
 .note.GNU-stack
                0x0000000000000000        0x0 binaries/fgets.o
 .note.GNU-stack
                0x0000000000000000        0x0 binaries/fprintf.o
 .note.GNU-stack
                0x0000000000000000        0x0 binaries/fputc.o
 .note.GNU-stack
                0x0000000000000000        0x0 binaries/fputs.o
 .note.GNU-stack
                0x0000000000000000        0x0 binaries/fscanf.o
 .note.GNU-stack
                0x0000000000000000        0x0 binaries/getchar.o
 .note.GNU-stack
                0x0000000000000000        0x0 binaries/labs.o
 .note.GNU-stack
                0x0000000000000000        0x0 binaries/memchr.o
 .note.GNU-stack
                0x0000000000000000        0x0 binaries/memcmp.o
 .note.GNU-stack
                0x0000000000000000        0x0 binaries/memcpy.o
 .note.GNU-stack
                0x0000000000000000        0x0 binaries/memset.o
 .note.GNU-stack
                0x0000000000000000        0x0 binaries/printf.o
 .note.GNU-stack
                0x0000000000000000        0x0 binaries/putchar.o
 .note.GNU-stack
                0x0000000000000000        0x0 binaries/qsort.o
 .note.GNU-stack
                0x0000000000000000        0x0 binaries/rand.o
 .note.GNU-stack
                0x0000000000000000        0x0 binaries/sprintf.o
 .note.GNU-stack
                0x0000000000000000        0x0 binaries/sscanf.o
 .note.GNU-stack
                0x0000000000000000        0x0 binaries/strchr.o
 .note.GNU-stack
                0x0000000000000000        0x0 binaries/strcmp.o
 .note.GNU-stack
                0x0000000000000000        0x0 binaries/strcpy.o
 .note.GNU-stack
                0x0000000000000000        0x0 binaries/strlen.o
 .note.GNU-stack
                0x0000000000000000        0x0 binaries/strncat.o
 .note.GNU-stack
                0x0000000000000000        0x0 binaries/strncmp.o
 .note.GNU-stack
                0x0000000000000000        0x0 binaries/strncpy.o
 .note.GNU-stack
                0x0000000000000000        0x0 binaries/strnlen.o
 .note.GNU-stack
                0x0000000000000000        0x0 binaries/strrchr.o
 .note.GNU-stack
                0x0000000000000000        0x0 binaries/strstr.o
 .note.GNU-stack
                0x0000000000000000        0x0 binaries/ttycontrol.o
 .note.GNU-stack
                0x0000000000000000        0x0 binaries/ttygetc.o
 .note.GNU-stack
                0x0000000000000000        0x0 binaries/ttyhandle_in.o
 .note.GNU-stack
                0x0000000000000000        0x0 binaries/ttyhandle_out.o
 .note.GNU-stack
                0x0000000000000000        0x0 binaries/ttyhandler.o
 .note.GNU-stack
                0x0000000000000000        0x0 binaries/ttyinit.o
 .note.GNU-stack
                0x0000000000000000        0x0 binaries/ttykickout.o
 .note.GNU-stack
                0x0000000000000000        0x0 binaries/ttyputc.o
 .note.GNU-stack
                0x0000000000000000        0x0 binaries/ttyread.o
 .note.GNU-stack
                0x0000000000000000        0x0 binaries/ttywrite.o
 .note.GNU-stack
                0x0000000000000000        0x0 binaries/mount.o
 .note.GNU-stack
                0x0000000000000000        0x0 binaries/naminit.o
 .note.GNU-stack
                0x0000000000000000        0x0 binaries/nammap.o
 .note.GNU-stack
                0x0000000000000000        0x0 binaries/namopen.o
 .note.GNU-stack
                0x0000000000000000        0x0 binaries/ethcontrol.o
 .note.GNU-stack
                0x0000000000000000        0x0 binaries/ethhandler.o
 .note.GNU-stack
                0x0000000000000000        0x0 binaries/ethinit.o
 .note.GNU-stack
                0x0000000000000000        0x0 binaries/ethmcast.o
 .note.GNU-stack
                0x0000000000000000        0x0 binaries/ethread.o
 .note.GNU-stack
                0x0000000000000000        0x0 binaries/ethwrite.o
 .note.GNU-stack
                0x0000000000000000        0x0 binaries/rdsbufalloc.o
 .note.GNU-stack
                0x0000000000000000        0x0 binaries/rdsclose.o
 .note.GNU-stack
                0x0000000000000000        0x0 binaries/rdscomm.o
 .note.GNU-stack
                0x0000000000000000        0x0 binaries/rdscontrol.o
 .note.GNU-stack
                0x0000000000000000        0x0 binaries/rdsinit.o
 .note.GNU-stack
                0x0000000000000000        0x0 binaries/rdsopen.o
 .note.GNU-stack
                0x0000000000000000        0x0 binaries/rdsprocess.o
 .note.GNU-stack
                0x0000000000000000        0x0 binaries/rdsread.o
 .note.GNU-stack
                0x0000000000000000        0x0 binaries/rdswrite.o
 .note.GNU-stack
                0x0000000000000000        0x0 binaries/ramclose.o
 .note.GNU-stack
                0x0000000000000000        0x0 binaries/raminit.o
 .note.GNU-stack
                0x0000000000000000        0x0 binaries/ramopen.o
 .note.GNU-stack
                0x0000000000000000        0x0 binaries/ramread.o
 .note.GNU-stack
                0x0000000000000000        0x0 binaries/ramwrite.o
 .note.GNU-stack
                0x0000000000000000        0x0 binaries/lfdballoc.o
 .note.GNU-stack
                0x0000000000000000        0x0 binaries/lfdbfree.o
 .note.GNU-stack
                0x0000000000000000        0x0 binaries/lfflush.o
 .note.GNU-stack
                0x0000000000000000        0x0 binaries/lfgetmode.o
 .note.GNU-stack
                0x0000000000000000        0x0 binaries/lfiballoc.o
 .note.GNU-stack
                0x0000000000000000        0x0 binaries/lfibclear.o
 .note.GNU-stack
                0x0000000000000000        0x0 binaries/lfibget.o
 .note.GNU-stack
                0x0000000000000000        0x0 binaries/lfibput.o
 .note.GNU-stack
                0x0000000000000000        0x0 binaries/lflclose.o
 .note.GNU-stack
                0x0000000000000000        0x0 binaries/lflcontrol.o
 .note.GNU-stack
                0x0000000000000000        0x0 binaries/lflgetc.o
 .note.GNU-stack
                0x0000000000000000        0x0 binaries/lflinit.o
 .note.GNU-stack
                0x0000000000000000        0x0 binaries/lflputc.o
 .note.GNU-stack
                0x0000000000000000        0x0 binaries/lflread.o
 .note.GNU-stack
                0x0000000000000000        0x0 binaries/lflseek.o
 .note.GNU-stack
                0x0000000000000000        0x0 binaries/lflwrite.o
 .note.GNU-stack
                0x0000000000000000        0x0 binaries/lfscheck.o
 .note.GNU-stack
                0x0000000000000000        0x0 binaries/lfsckfmt.o
 .note.GNU-stack
                0x0000000000000000        0x0 binaries/lfscreate.o
 .note.GNU-stack
                0x0000000000000000        0x0 binaries/lfsetup.o
 .note.GNU-stack
                0x0000000000000000        0x0 binaries/lfsinit.o
 .note.GNU-stack
                0x0000000000000000        0x0 binaries/lfsopen.o
 .note.GNU-stack
                0x0000000000000000        0x0 binaries/lftruncate.o
 .note.GNU-stack
                0x0000000000000000        0x0 binaries/rflclose.o
 .note.GNU-stack
                0x0000000000000000        0x0 binaries/rflgetc.o
 .note.GNU-stack
                0x0000000000000000        0x0 binaries/rflinit.o
 .note.GNU-stack
                0x0000000000000000        0x0 binaries/rflputc.o
 .note.GNU-stack
                0x0000000000000000        0x0 binaries/rflread.o
 .note.GNU-stack
                0x0000000000000000        0x0 binaries/rflseek.o
 .note.GNU-stack
                0x0000000000000000        0x0 binaries/rflwrite.o
 .note.GNU-stack
                0x0000000000000000        0x0 binaries/rfscomm.o
 .note.GNU-stack
                0x0000000000000000        0x0 binaries/rfscontrol.o
 .note.GNU-stack
                0x0000000000000000        0x0 binaries/rfsgetmode.o
 .note.GNU-stack
                0x0000000000000000        0x0 binaries/rfsinit.o
 .note.GNU-stack
                0x0000000000000000        0x0 binaries/rfsndmsg.o
 .note.GNU-stack
                0x0000000000000000        0x0 binaries/rfsopen.o
 .note.GNU-stack
                0x0000000000000000        0x0 binaries/dns.o
 .note.GNU-stack
                0x0000000000000000        0x0 binaries/dot2ip.o
 .note.GNU-stack
                0x0000000000000000        0x0 binaries/hexdump.o
 .note.GNU-stack
                0x0000000000000000        0x0 binaries/icmp.o
 .note.GNU-stack
                0x0000000000000000        0x0 binaries/ip.o
 .note.GNU-stack
                0x0000000000000000        0x0 binaries/nat.o
 .note.GNU-stack
                0x0000000000000000        0x0 binaries/nd.o
 .note.GNU-stack
                0x0000000000000000        0x0 binaries/net.o
 .note.GNU-stack
                0x0000000000000000        0x0 binaries/pdump.o
 .note.GNU-stack
                0x0000000000000000        0x0 binaries/udp.o
 .note.GNU-stack
                0x0000000000000000        0x0 binaries/addargs.o
 .note.GNU-stack
                0x0000000000000000        0x0 binaries/lexan.o
 .note.GNU-stack
                0x0000000000000000        0x0 binaries/shell.o
 .note.GNU-stack
                0x0000000000000000        0x0 binaries/xsh_argecho.o
 .note.GNU-stack
                0x0000000000000000        0x0 binaries/xsh_arp.o
 .note.GNU-stack
                0x0000000000000000        0x0 binaries/xsh_cat.o
 .note.GNU-stack
                0x0000000000000000        0x0 binaries/xsh_clear.o
 .note.GNU-stack
                0x0000000000000000        0x0 binaries/xsh_date.o
 .note.GNU-stack
                0x0000000000000000        0x0 binaries/xsh_devdump.o
 .note.GNU-stack
                0x0000000000000000        0x0 binaries/xsh_echo.o
 .note.GNU-stack
                0x0000000000000000        0x0 binaries/xsh_exit.o
 .note.GNU-stack
                0x0000000000000000        0x0 binaries/xsh_help.o
 .note.GNU-stack
                0x0000000000000000        0x0 binaries/xsh_kill.o
 .note.GNU-stack
                0x0000000000000000        0x0 binaries/xsh_memdump.o
 .note.GNU-stack
                0x0000000000000000        0x0 binaries/xsh_memstat.o
 .note.GNU-stack
                0x0000000000000000        0x0 binaries/xsh_netinfo.o
 .note.GNU-stack
                0x0000000000000000        0x0 binaries/xsh_pdump.o
 .note.GNU-stack
                0x0000000000000000        0x0 binaries/xsh_ping.o
 .note.GNU-stack
                0x0000000000000000        0x0 binaries/xsh_ping6.o
 .note.GNU-stack
                0x0000000000000000        0x0 binaries/xsh_ps.o
 .note.GNU-stack
                0x0000000000000000        0x0 binaries/xsh_route.o
 .note.GNU-stack
                0x0000000000000000        0x0 binaries/xsh_sleep.o
 .note.GNU-stack
                0x0000000000000000        0x0 binaries/xsh_sp.o
 .note.GNU-stack
                0x0000000000000000        0x0 binaries/xsh_udpdump.o
 .note.GNU-stack
                0x0000000000000000        0x0 binaries/xsh_udpecho.o
 .note.GNU-stack
                0x0000000000000000        0x0 binaries/xsh_udpserver.o
 .note.GNU-stack
                0x0000000000000000        0x0 binaries/xsh_uptime.o
