
Allocating common symbols
Common symbol       size              file

netbufpool          0x4               binaries/net.o
readylist           0x2               binaries/ready.o
rfltab              0x5a0             binaries/rflinit.o
netportseed         0x8               binaries/net.o
sleepq              0x2               binaries/clkinit.o
host                0x1               binaries/net.o
nnames              0x4               binaries/naminit.o
udptab              0x1c8             binaries/udp.o
minheap             0x4               binaries/meminit.o
marks               0x50              binaries/mark.o
currpid             0x4               binaries/initialize.o
Lf_data             0x20c             binaries/lfsinit.o
porttab             0x2d0             binaries/ptinit.o
girmask             0x2               binaries/evec.o
ttytab              0x110             binaries/ttyinit.o
ndroute_tab         0x410             binaries/nd.o
proctab             0x15e0            binaries/initialize.o
prcount             0x4               binaries/initialize.o
int_actions         0x140             binaries/evec.o
lfltab              0xf00             binaries/lflinit.o
rdstab              0x8c              binaries/rdsinit.o
ethertab            0x13c             binaries/ethinit.o
nmarks              0x4               binaries/mark.o
if_tab              0x4bc             binaries/net.o
Defer               0x8               binaries/resched.o
semtab              0x4b0             binaries/initialize.o
maxheap             0x4               binaries/meminit.o
preempt             0x4               binaries/clkinit.o
buftab              0xf0              binaries/bufinit.o
Rf_data             0x18              binaries/rfsinit.o
ifprime             0x4               binaries/net.o
mkmutex             0x4               binaries/mark.o
nbcache_tab         0x5f0             binaries/nd.o
clktime             0x4               binaries/clkinit.o
buf                 0x38              binaries/xsh_ping6.o
icmptab             0x2a8             binaries/icmp.o
nbpools             0x4               binaries/bufinit.o
queuetab            0x980             binaries/queue.o
ptnextid            0x4               binaries/ptinit.o
Ram                 0x19000           binaries/raminit.o
ipoqueue            0x2c              binaries/ip.o
nattrans_tab        0x320             binaries/nat.o
memlist             0x8               binaries/initialize.o
nametab             0x19a0            binaries/naminit.o
ptfree              0x4               binaries/ptinit.o

Memory Configuration

Name             Origin             Length             Attributes
*default*        0x0000000000000000 0xffffffffffffffff

Linker script and memory map

                0x0000000000100000                physbase = 0x100000
                0x0000000000100000                . = physbase
                0x0000000000100000                . = ALIGN (0x1000)

.text           0x0000000000100000    0x1b000
                0x0000000000100000                text = ABSOLUTE (.)
 *(.text .text.*)
 .text          0x0000000000100000      0x1b8 binaries/start.o
                0x0000000000100028                start
                0x00000000001000fa                inb
                0x0000000000100102                inw
                0x000000000010010b                inl
                0x0000000000100113                outb
                0x000000000010011d                outw
                0x0000000000100128                outl
                0x0000000000100132                _rtcin
                0x000000000010013d                ___udivsi3
                0x0000000000100148                ___divsi3
                0x0000000000100154                sbzero
                0x0000000000100164                insw
                0x000000000010017a                outsw
                0x0000000000100190                bcopy
                0x00000000001001a4                lidt
                0x00000000001001ac                cpuid
 .text          0x00000000001001b8      0x3e3 binaries/ascdate.o
                0x00000000001001b8                ascdate
 .text          0x000000000010059b       0x14 binaries/bufinit.o
                0x000000000010059b                bufinit
 .text          0x00000000001005af       0x94 binaries/chprio.o
                0x00000000001005af                chprio
 .text          0x0000000000100643       0xbe binaries/clkhandler.o
                0x0000000000100643                clkhandler
 .text          0x0000000000100701       0xe2 binaries/clkinit.o
                0x0000000000100701                clkinit
 .text          0x00000000001007e3       0x75 binaries/close.o
                0x00000000001007e3                close
 .text          0x0000000000100858        0x0 binaries/conf.o
 .text          0x0000000000100858       0x7b binaries/control.o
                0x0000000000100858                control
 .text          0x00000000001008d3      0x2c0 binaries/create.o
                0x00000000001008d3                create
 .text          0x0000000000100b93      0x298 binaries/early_imr.o
                0x0000000000100b93                intel_cln_early_sb_read_reg
                0x0000000000100c12                intel_cln_early_sb_write_reg
                0x0000000000100da0                remove_irm_protections
 .text          0x0000000000100e2b      0x5d6 binaries/evec.o
                0x0000000000100e2b                initevec
                0x0000000000100f7d                set_evec
                0x0000000000100fea                set_ivec
                0x0000000000101089                ioapic_irq2vec
                0x00000000001010ca                int_dispatch
                0x000000000010115f                _8259_setirmask
                0x00000000001011b8                trap
 .text          0x0000000000101401       0x19 binaries/exit.o
                0x0000000000101401                exit
 .text          0x000000000010141a       0x8c binaries/freebuf.o
                0x000000000010141a                freebuf
 .text          0x00000000001014a6      0x172 binaries/freemem.o
                0x00000000001014a6                freemem
 .text          0x0000000000101618       0x8a binaries/getbuf.o
                0x0000000000101618                getbuf
 .text          0x00000000001016a2       0x75 binaries/getc.o
                0x00000000001016a2                getc
 .text          0x0000000000101717       0x74 binaries/getdev.o
                0x0000000000101717                getdev
 .text          0x000000000010178b       0xd0 binaries/getitem.o
                0x000000000010178b                getfirst
                0x00000000001017d0                getlast
                0x0000000000101817                getitem
 .text          0x000000000010185b      0x10a binaries/getmem.o
                0x000000000010185b                getmem
 .text          0x0000000000101965        0xa binaries/getpid.o
                0x0000000000101965                getpid
 .text          0x000000000010196f       0x7d binaries/getprio.o
                0x000000000010196f                getprio
 .text          0x00000000001019ec       0xfb binaries/getstk.o
                0x00000000001019ec                getstk
 .text          0x0000000000101ae7       0x16 binaries/getticks.o
                0x0000000000101ae7                getticks
 .text          0x0000000000101afd       0x3a binaries/gettime.o
                0x0000000000101afd                gettime
 .text          0x0000000000101b37        0xa binaries/getutime.o
                0x0000000000101b37                getutime
 .text          0x0000000000101b41       0x75 binaries/init.o
                0x0000000000101b41                init
 .text          0x0000000000101bb6      0x342 binaries/initialize.o
                0x0000000000101bb6                nulluser
                0x0000000000101e9f                stop
                0x0000000000101eca                delay
 .text          0x0000000000101ef8       0xde binaries/insert.o
                0x0000000000101ef8                insert
 .text          0x0000000000101fd6      0x110 binaries/insertd.o
                0x0000000000101fd6                insertd
 .text          0x00000000001020e6        0xa binaries/ioerr.o
                0x00000000001020e6                ioerr
 .text          0x00000000001020f0        0xa binaries/ionull.o
                0x00000000001020f0                ionull
 .text          0x00000000001020fa      0x19d binaries/kill.o
                0x00000000001020fa                kill
 .text          0x0000000000102297      0x138 binaries/kprintf.o
                0x0000000000102297                kputc
                0x0000000000102322                kgetc
                0x00000000001023a5                kprintf
 .text          0x00000000001023cf       0x9b binaries/main.o
                0x00000000001023cf                main
 .text          0x000000000010246a       0xb5 binaries/mark.o
                0x000000000010246a                markinit
                0x000000000010248e                mark
 .text          0x000000000010251f      0x2ca binaries/meminit.o
                0x000000000010251f                meminit
                0x0000000000102746                setsegs
 .text          0x00000000001027e9      0x174 binaries/mkbufpool.o
                0x00000000001027e9                mkbufpool
 .text          0x000000000010295d       0x94 binaries/newqueue.o
                0x000000000010295d                newqueue
 .text          0x00000000001029f1       0x7b binaries/open.o
                0x00000000001029f1                open
 .text          0x0000000000102a6c       0x20 binaries/panic.o
                0x0000000000102a6c                panic
 .text          0x0000000000102a8c      0x56a binaries/pci.o
                0x0000000000102a8c                pci_init
                0x0000000000102b16                find_pci_device
                0x0000000000102bfc                pci_read_config_byte
                0x0000000000102c5a                pci_read_config_word
                0x0000000000102cba                pci_read_config_dword
                0x0000000000102d18                pci_write_config_byte
                0x0000000000102d7a                pci_write_config_word
                0x0000000000102dde                pci_write_config_dword
                0x0000000000102e3a                pci_get_dev_mmio_base_addr
                0x0000000000102ea6                pci_set_ivec
 .text          0x0000000000102ff6       0xc9 binaries/platinit.o
                0x0000000000102ff6                cpu_is_quark
                0x0000000000103013                console_init
                0x000000000010305c                platinit
 .text          0x00000000001030bf       0xf1 binaries/ptclear.o
                0x00000000001030bf                _ptclear
 .text          0x00000000001031b0       0x9d binaries/ptcount.o
                0x00000000001031b0                ptcount
 .text          0x000000000010324d      0x116 binaries/ptcreate.o
                0x000000000010324d                ptcreate
 .text          0x0000000000103363       0x7f binaries/ptdelete.o
                0x0000000000103363                ptdelete
 .text          0x00000000001033e2       0xbf binaries/ptinit.o
                0x00000000001033e2                ptinit
 .text          0x00000000001034a1      0x11b binaries/ptrecv.o
                0x00000000001034a1                ptrecv
 .text          0x00000000001035bc       0x77 binaries/ptreset.o
                0x00000000001035bc                ptreset
 .text          0x0000000000103633      0x13d binaries/ptsend.o
                0x0000000000103633                ptsend
 .text          0x0000000000103770       0x80 binaries/putc.o
                0x0000000000103770                putc
 .text          0x00000000001037f0       0xcc binaries/quark_irq.o
                0x00000000001037f0                quark_irq_routing
 .text          0x00000000001038bc      0x1e9 binaries/quark_pdat.o
                0x00000000001038bc                get_quark_pdat_entry_data_by_id
                0x00000000001039ab                get_quark_pdat_entry_data_by_desc
 .text          0x0000000000103aa5      0x111 binaries/queue.o
                0x0000000000103aa5                enqueue
                0x0000000000103b49                dequeue
 .text          0x0000000000103bb6       0x7b binaries/read.o
                0x0000000000103bb6                read
 .text          0x0000000000103c31       0x7e binaries/ready.o
                0x0000000000103c31                ready
 .text          0x0000000000103caf       0x62 binaries/receive.o
                0x0000000000103caf                receive
 .text          0x0000000000103d11       0x5e binaries/recvclr.o
                0x0000000000103d11                recvclr
 .text          0x0000000000103d6f       0xbd binaries/recvtime.o
                0x0000000000103d6f                recvtime
 .text          0x0000000000103e2c      0x16c binaries/resched.o
                0x0000000000103e2c                resched
                0x0000000000103f23                resched_cntl
 .text          0x0000000000103f98       0xb1 binaries/resume.o
                0x0000000000103f98                resume
 .text          0x0000000000104049       0x79 binaries/seek.o
                0x0000000000104049                seek
 .text          0x00000000001040c2       0x70 binaries/semcount.o
                0x00000000001040c2                semcount
 .text          0x0000000000104132       0xd6 binaries/semcreate.o
                0x0000000000104132                semcreate
 .text          0x0000000000104208       0xcd binaries/semdelete.o
                0x0000000000104208                semdelete
 .text          0x00000000001042d5       0xcb binaries/semreset.o
                0x00000000001042d5                semreset
 .text          0x00000000001043a0       0xed binaries/send.o
                0x00000000001043a0                send
 .text          0x000000000010448d       0xa8 binaries/signal.o
                0x000000000010448d                signal
 .text          0x0000000000104535       0xd6 binaries/signaln.o
                0x0000000000104535                signaln
 .text          0x000000000010460b       0xed binaries/sleep.o
                0x000000000010460b                sleep
                0x0000000000104659                sleepms
 .text          0x00000000001046f8      0x192 binaries/stacktrace.o
                0x00000000001046f8                stacktrace
 .text          0x000000000010488a       0xe7 binaries/suspend.o
                0x000000000010488a                suspend
 .text          0x0000000000104971       0xe9 binaries/unsleep.o
                0x0000000000104971                unsleep
 .text          0x0000000000104a5a       0x19 binaries/userret.o
                0x0000000000104a5a                userret
 .text          0x0000000000104a73       0xdd binaries/wait.o
                0x0000000000104a73                wait
 .text          0x0000000000104b50       0x72 binaries/wakeup.o
                0x0000000000104b50                wakeup
 .text          0x0000000000104bc2       0x7b binaries/write.o
                0x0000000000104bc2                write
 .text          0x0000000000104c3d       0x1d binaries/xdone.o
                0x0000000000104c3d                xdone
 .text          0x0000000000104c5a       0x28 binaries/yield.o
                0x0000000000104c5a                yield
 .text          0x0000000000104c82       0x11 binaries/abs.o
                0x0000000000104c82                abs
 .text          0x0000000000104c93       0x8f binaries/atoi.o
                0x0000000000104c93                atoi
 .text          0x0000000000104d22       0x8f binaries/atol.o
                0x0000000000104d22                atol
 .text          0x0000000000104db1       0x31 binaries/bzero.o
                0x0000000000104db1                bzero
 .text          0x0000000000104de2        0x0 binaries/ctype_.o
 .text          0x0000000000104de2      0x8ed binaries/doprnt.o
                0x0000000000104de2                _doprnt
 .text          0x00000000001056cf      0x65c binaries/doscan.o
                0x00000000001056cf                _doscan
 .text          0x0000000000105d2b      0x711 binaries/fdoprnt.o
                0x0000000000105d2b                _fdoprnt
 .text          0x000000000010643c       0x29 binaries/fgetc.o
                0x000000000010643c                fgetc
 .text          0x0000000000106465       0x75 binaries/fgets.o
                0x0000000000106465                fgets
 .text          0x00000000001064da       0x2a binaries/fprintf.o
                0x00000000001064da                fprintf
 .text          0x0000000000106504       0x2c binaries/fputc.o
                0x0000000000106504                fputc
 .text          0x0000000000106530       0x43 binaries/fputs.o
                0x0000000000106530                fputs
 .text          0x0000000000106573       0x8a binaries/fscanf.o
                0x0000000000106573                fscanf
 .text          0x00000000001065fd       0x31 binaries/getchar.o
                0x00000000001065fd                getchar
 .text          0x000000000010662e       0x11 binaries/labs.o
                0x000000000010662e                labs
 .text          0x000000000010663f        0x0 binaries/memchr.o
 .text          0x000000000010663f       0x51 binaries/memcmp.o
                0x000000000010663f                memcmp
 .text          0x0000000000106690       0x3f binaries/memcpy.o
                0x0000000000106690                memcpy
 .text          0x00000000001066cf       0x30 binaries/memset.o
                0x00000000001066cf                memset
 .text          0x00000000001066ff       0x47 binaries/printf.o
                0x00000000001066ff                printf
 .text          0x0000000000106746       0x34 binaries/putchar.o
                0x0000000000106746                putchar
 .text          0x000000000010677a      0x27e binaries/qsort.o
                0x000000000010677a                qsort
 .text          0x00000000001069f8       0x63 binaries/rand.o
                0x00000000001069f8                rand
                0x0000000000106a10                rand_r
                0x0000000000106a4e                srand
 .text          0x0000000000106a5b       0x66 binaries/sprintf.o
                0x0000000000106a5b                sprintf
 .text          0x0000000000106ac1       0x70 binaries/sscanf.o
                0x0000000000106ac1                sscanf
 .text          0x0000000000106b31       0x3c binaries/strchr.o
                0x0000000000106b31                strchr
 .text          0x0000000000106b6d       0x45 binaries/strcmp.o
                0x0000000000106b6d                strcmp
 .text          0x0000000000106bb2       0x27 binaries/strcpy.o
                0x0000000000106bb2                strcpy
 .text          0x0000000000106bd9       0x26 binaries/strlen.o
                0x0000000000106bd9                strlen
 .text          0x0000000000106bff       0x56 binaries/strncat.o
                0x0000000000106bff                strncat
 .text          0x0000000000106c55       0x5f binaries/strncmp.o
                0x0000000000106c55                strncmp
 .text          0x0000000000106cb4       0x4f binaries/strncpy.o
                0x0000000000106cb4                strncpy
 .text          0x0000000000106d03       0x2e binaries/strnlen.o
                0x0000000000106d03                strnlen
 .text          0x0000000000106d31       0x45 binaries/strrchr.o
                0x0000000000106d31                strrchr
 .text          0x0000000000106d76       0x6d binaries/strstr.o
                0x0000000000106d76                strstr
 .text          0x0000000000106de3       0xe4 binaries/ttycontrol.o
                0x0000000000106de3                ttycontrol
 .text          0x0000000000106ec7       0x97 binaries/ttygetc.o
                0x0000000000106ec7                ttygetc
 .text          0x0000000000106f5e      0x6e4 binaries/ttyhandle_in.o
                0x0000000000106f5e                ttyhandle_in
 .text          0x0000000000107642      0x183 binaries/ttyhandle_out.o
                0x0000000000107642                ttyhandle_out
 .text          0x00000000001077c5       0xb5 binaries/ttyhandler.o
                0x00000000001077c5                ttyhandler
 .text          0x000000000010787a      0x20d binaries/ttyinit.o
                0x000000000010787a                ttyinit
 .text          0x0000000000107a87       0x10 binaries/ttykickout.o
                0x0000000000107a87                ttykickout
 .text          0x0000000000107a97       0xb7 binaries/ttyputc.o
                0x0000000000107a97                ttyputc
 .text          0x0000000000107b4e      0x11b binaries/ttyread.o
                0x0000000000107b4e                ttyread
 .text          0x0000000000107c69       0x4f binaries/ttywrite.o
                0x0000000000107c69                ttywrite
 .text          0x0000000000107cb8      0x14b binaries/mount.o
                0x0000000000107cb8                mount
                0x0000000000107dcd                namlen
 .text          0x0000000000107e03      0x1ea binaries/naminit.o
                0x0000000000107e03                naminit
 .text          0x0000000000107fed      0x211 binaries/nammap.o
                0x0000000000107fed                nammap
                0x0000000000108078                namrepl
                0x00000000001081ae                namcpy
 .text          0x00000000001081fe       0x4e binaries/namopen.o
                0x00000000001081fe                namopen
 .text          0x000000000010824c       0x92 binaries/ethcontrol.o
                0x000000000010824c                ethcontrol
 .text          0x00000000001082de      0x18b binaries/ethhandler.o
                0x00000000001082de                ethhandler
 .text          0x0000000000108469      0x75a binaries/ethinit.o
                0x0000000000108469                eth_phy_read
                0x00000000001084d3                eth_phy_write
                0x0000000000108547                eth_phy_reset
                0x000000000010868b                ethinit
 .text          0x0000000000108bc3      0x17c binaries/ethmcast.o
                0x0000000000108bc3                ethmcast_add
                0x0000000000108c3f                ethmcast_remove
 .text          0x0000000000108d3f      0x18f binaries/ethread.o
                0x0000000000108d3f                ethread
 .text          0x0000000000108ece      0x136 binaries/ethwrite.o
                0x0000000000108ece                ethwrite
 .text          0x0000000000109004       0x9e binaries/rdsbufalloc.o
                0x0000000000109004                rdsbufalloc
 .text          0x00000000001090a2       0xcc binaries/rdsclose.o
                0x00000000001090a2                rdsclose
 .text          0x000000000010916e        0xa binaries/rdscomm.o
                0x000000000010916e                rdscomm
 .text          0x0000000000109178      0x233 binaries/rdscontrol.o
                0x0000000000109178                rdscontrol
 .text          0x00000000001093ab      0x1f3 binaries/rdsinit.o
                0x00000000001093ab                rdsinit
 .text          0x000000000010959e      0x19b binaries/rdsopen.o
                0x000000000010959e                rdsopen
 .text          0x0000000000109739      0x461 binaries/rdsprocess.o
                0x0000000000109739                rdsprocess
 .text          0x0000000000109b9a      0x259 binaries/rdsread.o
                0x0000000000109b9a                rdsread
 .text          0x0000000000109df3      0x1fe binaries/rdswrite.o
                0x0000000000109df3                rdswrite
 .text          0x0000000000109ff1        0xa binaries/ramclose.o
                0x0000000000109ff1                ramclose
 .text          0x0000000000109ffb       0x3e binaries/raminit.o
                0x0000000000109ffb                raminit
 .text          0x000000000010a039        0xa binaries/ramopen.o
                0x000000000010a039                ramopen
 .text          0x000000000010a043       0x32 binaries/ramread.o
                0x000000000010a043                ramread
 .text          0x000000000010a075       0x32 binaries/ramwrite.o
                0x000000000010a075                ramwrite
 .text          0x000000000010a0a7       0x98 binaries/lfdballoc.o
                0x000000000010a0a7                lfdballoc
 .text          0x000000000010a13f       0x58 binaries/lfdbfree.o
                0x000000000010a13f                lfdbfree
 .text          0x000000000010a197       0xb6 binaries/lfflush.o
                0x000000000010a197                lfflush
 .text          0x000000000010a24d       0xd8 binaries/lfgetmode.o
                0x000000000010a24d                lfgetmode
 .text          0x000000000010a325       0x68 binaries/lfiballoc.o
                0x000000000010a325                lfiballoc
 .text          0x000000000010a38d       0x3b binaries/lfibclear.o
                0x000000000010a38d                lfibclear
 .text          0x000000000010a3c8       0xad binaries/lfibget.o
                0x000000000010a3c8                lfibget
 .text          0x000000000010a475       0xdc binaries/lfibput.o
                0x000000000010a475                lfibput
 .text          0x000000000010a551       0xa2 binaries/lflclose.o
                0x000000000010a551                lflclose
 .text          0x000000000010a5f3       0xd0 binaries/lflcontrol.o
                0x000000000010a5f3                lflcontrol
 .text          0x000000000010a6c3       0xf2 binaries/lflgetc.o
                0x000000000010a6c3                lflgetc
 .text          0x000000000010a7b5       0xf1 binaries/lflinit.o
                0x000000000010a7b5                lflinit
 .text          0x000000000010a8a6      0x122 binaries/lflputc.o
                0x000000000010a8a6                lflputc
 .text          0x000000000010a9c8       0x70 binaries/lflread.o
                0x000000000010a9c8                lflread
 .text          0x000000000010aa38       0xac binaries/lflseek.o
                0x000000000010aa38                lflseek
 .text          0x000000000010aae4       0x55 binaries/lflwrite.o
                0x000000000010aae4                lflwrite
 .text          0x000000000010ab39       0x62 binaries/lfscheck.o
                0x000000000010ab39                lfscheck
 .text          0x000000000010ab9b      0x175 binaries/lfsckfmt.o
                0x000000000010ab9b                lfsckfmt
 .text          0x000000000010ad10      0x1ad binaries/lfscreate.o
                0x000000000010ad10                lfscreate
 .text          0x000000000010aebd      0x278 binaries/lfsetup.o
                0x000000000010aebd                lfsetup
 .text          0x000000000010b135       0x51 binaries/lfsinit.o
                0x000000000010b135                lfsinit
 .text          0x000000000010b186      0x3c0 binaries/lfsopen.o
                0x000000000010b186                lfsopen
 .text          0x000000000010b546      0x15e binaries/lftruncate.o
                0x000000000010b546                lftruncate
 .text          0x000000000010b6a4       0x71 binaries/rflclose.o
                0x000000000010b6a4                rflclose
 .text          0x000000000010b715       0x32 binaries/rflgetc.o
                0x000000000010b715                rflgetc
 .text          0x000000000010b747       0x76 binaries/rflinit.o
                0x000000000010b747                rflinit
 .text          0x000000000010b7bd       0x33 binaries/rflputc.o
                0x000000000010b7bd                rflputc
 .text          0x000000000010b7f0      0x360 binaries/rflread.o
                0x000000000010b7f0                rflread
 .text          0x000000000010bb50       0x74 binaries/rflseek.o
                0x000000000010bb50                rflseek
 .text          0x000000000010bbc4      0x34d binaries/rflwrite.o
                0x000000000010bbc4                rflwrite
 .text          0x000000000010bf11        0xa binaries/rfscomm.o
                0x000000000010bf11                rfscomm
 .text          0x000000000010bf1b      0x26d binaries/rfscontrol.o
                0x000000000010bf1b                rfscontrol
 .text          0x000000000010c188       0xd8 binaries/rfsgetmode.o
                0x000000000010c188                rfsgetmode
 .text          0x000000000010c260       0x86 binaries/rfsinit.o
                0x000000000010c260                rfsinit
 .text          0x000000000010c2e6      0x111 binaries/rfsndmsg.o
                0x000000000010c2e6                rfsndmsg
 .text          0x000000000010c3f7      0x2aa binaries/rfsopen.o
                0x000000000010c3f7                rfsopen
 .text          0x000000000010c6a1        0xa binaries/dns.o
                0x000000000010c6a1                dnslookup
 .text          0x000000000010c6ab      0x264 binaries/dot2ip.o
                0x000000000010c6ab                dot2ip
                0x000000000010c793                hex2ip
 .text          0x000000000010c90f      0x4c4 binaries/hexdump.o
                0x000000000010c90f                hexdump
                0x000000000010cab6                hexadump
 .text          0x000000000010cdd3      0x958 binaries/icmp.o
                0x000000000010cdd3                icmp_init
                0x000000000010ce06                icmp6_in
                0x000000000010d026                icmp_mkpkt
                0x000000000010d1b9                icmp6_send
                0x000000000010d241                icmp6_chksum
                0x000000000010d394                icmp6_register
                0x000000000010d4a7                icmp6_recv
                0x000000000010d630                icmp6_release
 .text          0x000000000010d72b     0x120a binaries/ip.o
                0x000000000010d72b                ip6ula_gen
                0x000000000010d837                ip6llgen
                0x000000000010d99f                ip6_snmaddrgen
                0x000000000010da3e                ip6_nwmcast_gen
                0x000000000010dac0                ip6_mcrouter_gen
                0x000000000010db1c                ip6_in
                0x000000000010dd24                ip6_in_ext
                0x000000000010de00                ip6addr_reso
                0x000000000010de87                ip6_route
                0x000000000010e3d3                ip6_send
                0x000000000010e76c                ip6_ntoh
                0x000000000010e796                ip6_hton
                0x000000000010e7c0                ip6addr_print
                0x000000000010e84e                ip6addr_print_ping
                0x000000000010e8dc                hwaddr_print_ping
 .text          0x000000000010e935      0xb77 binaries/nat.o
                0x000000000010e935                nat_init
                0x000000000010ea5d                nat_in
                0x000000000010f10d                nat_translateout
                0x000000000010f336                nat_translatein
 .text          0x000000000010f4ac     0x1331 binaries/nd.o
                0x000000000010f4ac                nd_init
                0x000000000010f602                nd_ncq_insert
                0x000000000010f6ab                nd_ncfindip
                0x000000000010f715                nd_ncupdate
                0x000000000010f7ce                nd_ncnew
                0x000000000010f8b9                nd_in_nsm
                0x000000000010fc73                nd_ns_send
                0x000000000010fdf4                nd_in_nam
                0x000000000010ffea                nd_rs_send
                0x0000000000110106                nd_rsm_in
                0x0000000000110491                nd_ram_in
                0x0000000000110603                nd_in
                0x00000000001106b8                nd_timer
 .text          0x00000000001107dd      0xcd9 binaries/net.o
                0x00000000001107dd                net_init
                0x0000000000110fbc                netin
                0x00000000001110d4                rawin
                0x00000000001113ce                eth_hton
                0x00000000001113f8                eth_ntoh
                0x0000000000111422                getport
 .text          0x00000000001114b6      0x267 binaries/pdump.o
                0x00000000001114b6                pdump
                0x0000000000111629                pdumph
 .text          0x000000000011171d      0xed7 binaries/udp.o
                0x000000000011171d                udp_init
                0x0000000000111781                udp_register
                0x00000000001119e8                udp_in
                0x0000000000111c2b                udp_recv
                0x0000000000111dbb                udp_recvaddr
                0x0000000000111fb3                udp_send
                0x00000000001121de                udp_sendto
                0x0000000000112380                udp_cksum
                0x000000000011250c                udp_hton
                0x0000000000112580                udp_ntoh
 .text          0x00000000001125f4      0x13b binaries/addargs.o
                0x00000000001125f4                addargs
 .text          0x000000000011272f      0x2c9 binaries/lexan.o
                0x000000000011272f                lexan
 .text          0x00000000001129f8      0x665 binaries/shell.o
                0x00000000001129f8                shell
 .text          0x000000000011305d       0x69 binaries/xsh_argecho.o
                0x000000000011305d                xsh_argecho
 .text          0x00000000001130c6        0xa binaries/xsh_arp.o
                0x00000000001130c6                xsh_arp
 .text          0x00000000001130d0      0x26f binaries/xsh_cat.o
                0x00000000001130d0                xsh_cat
 .text          0x000000000011333f       0x5e binaries/xsh_clear.o
                0x000000000011333f                xsh_clear
 .text          0x000000000011339d      0x2f7 binaries/xsh_date.o
                0x000000000011339d                xsh_date
 .text          0x0000000000113694       0xae binaries/xsh_devdump.o
                0x0000000000113694                xsh_devdump
 .text          0x0000000000113742       0x72 binaries/xsh_echo.o
                0x0000000000113742                xsh_echo
 .text          0x00000000001137b4        0xa binaries/xsh_exit.o
                0x00000000001137b4                xsh_exit
 .text          0x00000000001137be      0x389 binaries/xsh_help.o
                0x00000000001137be                xsh_help
 .text          0x0000000000113b47      0x249 binaries/xsh_kill.o
                0x0000000000113b47                xsh_kill
 .text          0x0000000000113d90      0x545 binaries/xsh_memdump.o
                0x0000000000113d90                xsh_memdump
 .text          0x00000000001142d5      0x2af binaries/xsh_memstat.o
                0x00000000001142d5                xsh_memstat
 .text          0x0000000000114584      0x286 binaries/xsh_nc.o
                0x0000000000114584                xsh_nc
 .text          0x000000000011480a      0x180 binaries/xsh_netinfo.o
                0x000000000011480a                xsh_netinfo
 .text          0x000000000011498a      0x1ec binaries/xsh_pdump.o
                0x000000000011498a                xsh_pdump
 .text          0x0000000000114b76        0xa binaries/xsh_ping.o
                0x0000000000114b76                xsh_ping
 .text          0x0000000000114b80      0x5fa binaries/xsh_ping6.o
                0x0000000000114b80                sender
                0x0000000000114bcd                pollInputEof
                0x0000000000114c6a                xsh_ping6
 .text          0x000000000011517a      0x227 binaries/xsh_ps.o
                0x000000000011517a                xsh_ps
 .text          0x00000000001153a1       0xd3 binaries/xsh_route.o
                0x00000000001153a1                xsh_route
 .text          0x0000000000115474      0x277 binaries/xsh_rt.o
                0x0000000000115474                xsh_rt
 .text          0x00000000001156eb      0x225 binaries/xsh_sleep.o
                0x00000000001156eb                xsh_sleep
 .text          0x0000000000115910      0x3c1 binaries/xsh_sp.o
                0x0000000000115910                xsh_sp
 .text          0x0000000000115cd1        0xa binaries/xsh_udpdump.o
                0x0000000000115cd1                xsh_udpdump
 .text          0x0000000000115cdb      0x405 binaries/xsh_udpecho.o
                0x0000000000115cdb                xsh_udpecho
 .text          0x00000000001160e0      0x36c binaries/xsh_udpserver.o
                0x00000000001160e0                xsh_udpeserver
 .text          0x000000000011644c      0x1f3 binaries/xsh_uptime.o
                0x000000000011644c                xsh_uptime
 .text          0x000000000011663f        0xe binaries/clkdisp.o
                0x000000000011663f                clkdisp
 .text          0x000000000011664d       0x19 binaries/ctxsw.o
                0x000000000011664d                ctxsw
 .text          0x0000000000116666      0x328 binaries/intr.o
                0x0000000000116666                disable
                0x000000000011666f                restore
                0x000000000011667d                enable
                0x000000000011667f                pause
                0x0000000000116686                halt
                0x000000000011668c                spurious_irq7
                0x0000000000116691                spurious_irq15
                0x00000000001166a0                _Xint0
                0x00000000001166a8                _Xint1
                0x00000000001166b0                _Xint2
                0x00000000001166b8                _Xint3
                0x00000000001166c0                _Xint4
                0x00000000001166c8                _Xint5
                0x00000000001166d3                _Xint6
                0x00000000001166db                _Xint7
                0x00000000001166e3                _Xint8
                0x00000000001166eb                _Xint9
                0x00000000001166f3                _Xint10
                0x00000000001166fb                _Xint11
                0x0000000000116703                _Xint12
                0x000000000011670b                _Xint13
                0x0000000000116713                _Xint14
                0x000000000011671e                _Xint15
                0x0000000000116729                _Xint16
                0x0000000000116734                _Xint17
                0x000000000011673f                _Xint18
                0x000000000011674a                _Xint19
                0x0000000000116755                _Xint20
                0x0000000000116760                _Xint21
                0x000000000011676b                _Xint22
                0x0000000000116776                _Xint23
                0x0000000000116781                _Xint24
                0x000000000011678c                _Xint25
                0x0000000000116797                _Xint26
                0x00000000001167a2                _Xint27
                0x00000000001167ad                _Xint28
                0x00000000001167b8                _Xint29
                0x00000000001167c3                _Xint30
                0x00000000001167ce                _Xint31
                0x00000000001167d9                _extint
                0x00000000001167ed                _Xint32
                0x00000000001167fc                _Xint33
                0x000000000011680b                _Xint34
                0x000000000011681a                _Xint35
                0x0000000000116829                _Xint36
                0x0000000000116838                _Xint37
                0x0000000000116847                _Xint38
                0x0000000000116856                _Xint39
                0x0000000000116865                _Xint40
                0x0000000000116874                _Xint41
                0x0000000000116883                _Xint42
                0x0000000000116892                _Xint43
                0x00000000001168a1                _Xint44
                0x00000000001168b0                _Xint45
                0x00000000001168bf                _Xint46
                0x00000000001168ce                defevec
 .text          0x000000000011698e        0xf binaries/ttydispatch.o
                0x000000000011698e                ttydispatch
 .text          0x000000000011699d       0x13 binaries/ethdispatch.o
                0x000000000011699d                ethdispatch
 *(.rodata .rodata.*)
 .rodata        0x00000000001169b0       0x8e binaries/ascdate.o
 .rodata        0x0000000000116a3e       0xae binaries/conf.o
 .rodata        0x0000000000116aec       0x83 binaries/early_imr.o
 *fill*         0x0000000000116b6f        0x1 
 .rodata        0x0000000000116b70      0x231 binaries/evec.o
 *fill*         0x0000000000116da1        0x3 
 .rodata        0x0000000000116da4      0x13e binaries/initialize.o
 *fill*         0x0000000000116ee2        0x2 
 .rodata        0x0000000000116ee4       0x20 binaries/kill.o
 .rodata        0x0000000000116f04       0x2a binaries/main.o
 *fill*         0x0000000000116f2e        0x2 
 .rodata        0x0000000000116f30       0x3e binaries/meminit.o
 .rodata        0x0000000000116f6e        0xf binaries/panic.o
 *fill*         0x0000000000116f7d        0x3 
 .rodata        0x0000000000116f80       0x20 binaries/pci.o
 .rodata        0x0000000000116fa0       0x1d binaries/ptinit.o
 *fill*         0x0000000000116fbd        0x3 
 .rodata        0x0000000000116fc0       0x25 binaries/ptsend.o
 .rodata        0x0000000000116fe5       0x22 binaries/quark_pdat.o
 *fill*         0x0000000000117007        0x1 
 .rodata        0x0000000000117008       0xb7 binaries/stacktrace.o
 *fill*         0x00000000001170bf        0x1 
 .rodata        0x00000000001170c0       0x27 binaries/xdone.o
 *fill*         0x00000000001170e7       0x19 
 .rodata        0x0000000000117100       0x81 binaries/ctype_.o
                0x0000000000117100                _ctype_
 *fill*         0x0000000000117181        0x3 
 .rodata        0x0000000000117184       0xee binaries/doprnt.o
 *fill*         0x0000000000117272        0x2 
 .rodata        0x0000000000117274       0x98 binaries/doscan.o
 .rodata        0x000000000011730c       0xae binaries/fdoprnt.o
 *fill*         0x00000000001173ba        0x2 
 .rodata        0x00000000001173bc       0x20 binaries/ttycontrol.o
 .rodata        0x00000000001173dc       0x34 binaries/ttyhandler.o
 .rodata        0x0000000000117410       0x80 binaries/naminit.o
 .rodata        0x0000000000117490       0x52 binaries/ethinit.o
 *fill*         0x00000000001174e2        0x2 
 .rodata        0x00000000001174e4       0x2c binaries/rdsbufalloc.o
 .rodata        0x0000000000117510       0x48 binaries/rdscontrol.o
 .rodata        0x0000000000117558       0x96 binaries/rdsinit.o
 *fill*         0x00000000001175ee        0x2 
 .rodata        0x00000000001175f0       0x22 binaries/rdsopen.o
 *fill*         0x0000000000117612        0x2 
 .rodata        0x0000000000117614       0x4d binaries/rdsprocess.o
 .rodata        0x0000000000117661        0x9 binaries/raminit.o
 *fill*         0x000000000011766a        0x2 
 .rodata        0x000000000011766c       0x37 binaries/lfdballoc.o
 .rodata        0x00000000001176a3       0x14 binaries/lfiballoc.o
 *fill*         0x00000000001176b7        0x1 
 .rodata        0x00000000001176b8       0x23 binaries/lflcontrol.o
 *fill*         0x00000000001176db        0x1 
 .rodata        0x00000000001176dc      0x11b binaries/lfsckfmt.o
 *fill*         0x00000000001177f7        0x1 
 .rodata        0x00000000001177f8       0x2a binaries/lfsopen.o
 *fill*         0x0000000000117822        0x2 
 .rodata        0x0000000000117824       0x21 binaries/rflread.o
 *fill*         0x0000000000117845        0x3 
 .rodata        0x0000000000117848       0x21 binaries/rflwrite.o
 *fill*         0x0000000000117869        0x3 
 .rodata        0x000000000011786c       0x3c binaries/rfscontrol.o
 .rodata        0x00000000001178a8       0x63 binaries/rfsinit.o
 *fill*         0x000000000011790b        0x1 
 .rodata        0x000000000011790c       0x2a binaries/rfsndmsg.o
 *fill*         0x0000000000117936        0x2 
 .rodata        0x0000000000117938       0x22 binaries/rfsopen.o
 .rodata        0x000000000011795a       0x1c binaries/dot2ip.o
 *fill*         0x0000000000117976        0x2 
 .rodata        0x0000000000117978       0xc9 binaries/hexdump.o
 *fill*         0x0000000000117a41        0x3 
 .rodata        0x0000000000117a44       0xe5 binaries/icmp.o
 *fill*         0x0000000000117b29        0x3 
 .rodata        0x0000000000117b2c      0x108 binaries/ip.o
 .rodata        0x0000000000117c34      0x296 binaries/nat.o
 *fill*         0x0000000000117eca        0x2 
 .rodata        0x0000000000117ecc      0x1e0 binaries/nd.o
 .rodata        0x00000000001180ac      0x17b binaries/net.o
 *fill*         0x0000000000118227        0x1 
 .rodata        0x0000000000118228       0x6c binaries/pdump.o
 .rodata        0x0000000000118294      0x112 binaries/udp.o
 *fill*         0x00000000001183a6       0x1a 
 .rodata        0x00000000001183c0      0x429 binaries/shell.o
                0x0000000000118460                cmdtab
 .rodata        0x00000000001187e9       0x28 binaries/xsh_argecho.o
 *fill*         0x0000000000118811        0x3 
 .rodata        0x0000000000118814       0xc9 binaries/xsh_cat.o
 .rodata        0x00000000001188dd       0x19 binaries/xsh_clear.o
 *fill*         0x00000000001188f6        0x2 
 .rodata        0x00000000001188f8      0x1c3 binaries/xsh_date.o
 .rodata        0x0000000000118abb       0x5d binaries/xsh_devdump.o
 .rodata        0x0000000000118b18        0x9 binaries/xsh_echo.o
 *fill*         0x0000000000118b21        0x3 
 .rodata        0x0000000000118b24      0x169 binaries/xsh_help.o
 *fill*         0x0000000000118c8d        0x3 
 .rodata        0x0000000000118c90      0x12e binaries/xsh_kill.o
 *fill*         0x0000000000118dbe        0x2 
 .rodata        0x0000000000118dc0      0x266 binaries/xsh_memdump.o
 *fill*         0x0000000000119026        0x2 
 .rodata        0x0000000000119028      0x225 binaries/xsh_memstat.o
 *fill*         0x000000000011924d        0x3 
 .rodata        0x0000000000119250      0x1e8 binaries/xsh_nc.o
 .rodata        0x0000000000119438       0x80 binaries/xsh_netinfo.o
 .rodata        0x00000000001194b8       0xd1 binaries/xsh_pdump.o
 *fill*         0x0000000000119589        0x7 
 .rodata        0x0000000000119590      0x290 binaries/xsh_ping6.o
 .rodata        0x0000000000119820      0x1e0 binaries/xsh_ps.o
 .rodata        0x0000000000119a00       0x96 binaries/xsh_route.o
 *fill*         0x0000000000119a96        0x2 
 .rodata        0x0000000000119a98      0x1b4 binaries/xsh_rt.o
 .rodata        0x0000000000119c4c       0xeb binaries/xsh_sleep.o
 *fill*         0x0000000000119d37        0x1 
 .rodata        0x0000000000119d38      0x236 binaries/xsh_sp.o
 *fill*         0x0000000000119f6e        0x2 
 .rodata        0x0000000000119f70      0x1ed binaries/xsh_udpecho.o
 *fill*         0x000000000011a15d        0x3 
 .rodata        0x000000000011a160      0x11b binaries/xsh_udpserver.o
 *fill*         0x000000000011a27b        0x1 
 .rodata        0x000000000011a27c      0x105 binaries/xsh_uptime.o
                0x000000000011a381                etext = ABSOLUTE (.)
                0x000000000011b000                . = ALIGN (0x1000)
 *fill*         0x000000000011a381      0xc7f 

.eh_frame       0x000000000011b000     0x2df0
 .eh_frame      0x000000000011b000       0x38 binaries/ascdate.o
 .eh_frame      0x000000000011b038       0x20 binaries/bufinit.o
                                         0x38 (size before relaxing)
 .eh_frame      0x000000000011b058       0x20 binaries/chprio.o
                                         0x38 (size before relaxing)
 .eh_frame      0x000000000011b078       0x20 binaries/clkhandler.o
                                         0x38 (size before relaxing)
 .eh_frame      0x000000000011b098       0x20 binaries/clkinit.o
                                         0x38 (size before relaxing)
 .eh_frame      0x000000000011b0b8       0x20 binaries/close.o
                                         0x38 (size before relaxing)
 .eh_frame      0x000000000011b0d8       0x20 binaries/control.o
                                         0x38 (size before relaxing)
 .eh_frame      0x000000000011b0f8       0x40 binaries/create.o
                                         0x58 (size before relaxing)
 .eh_frame      0x000000000011b138      0x104 binaries/early_imr.o
                                        0x11c (size before relaxing)
 .eh_frame      0x000000000011b23c       0xe0 binaries/evec.o
                                         0xf8 (size before relaxing)
 .eh_frame      0x000000000011b31c       0x20 binaries/exit.o
                                         0x38 (size before relaxing)
 .eh_frame      0x000000000011b33c       0x20 binaries/freebuf.o
                                         0x38 (size before relaxing)
 .eh_frame      0x000000000011b35c       0x20 binaries/freemem.o
                                         0x38 (size before relaxing)
 .eh_frame      0x000000000011b37c       0x20 binaries/getbuf.o
                                         0x38 (size before relaxing)
 .eh_frame      0x000000000011b39c       0x20 binaries/getc.o
                                         0x38 (size before relaxing)
 .eh_frame      0x000000000011b3bc       0x20 binaries/getdev.o
                                         0x38 (size before relaxing)
 .eh_frame      0x000000000011b3dc       0x60 binaries/getitem.o
                                         0x78 (size before relaxing)
 .eh_frame      0x000000000011b43c       0x20 binaries/getmem.o
                                         0x38 (size before relaxing)
 .eh_frame      0x000000000011b45c       0x20 binaries/getpid.o
                                         0x38 (size before relaxing)
 .eh_frame      0x000000000011b47c       0x20 binaries/getprio.o
                                         0x38 (size before relaxing)
 .eh_frame      0x000000000011b49c       0x20 binaries/getstk.o
                                         0x38 (size before relaxing)
 .eh_frame      0x000000000011b4bc       0x20 binaries/getticks.o
                                         0x38 (size before relaxing)
 .eh_frame      0x000000000011b4dc       0x20 binaries/gettime.o
                                         0x38 (size before relaxing)
 .eh_frame      0x000000000011b4fc       0x20 binaries/getutime.o
                                         0x38 (size before relaxing)
 .eh_frame      0x000000000011b51c       0x20 binaries/init.o
                                         0x38 (size before relaxing)
 .eh_frame      0x000000000011b53c       0x9c binaries/initialize.o
                                         0xb4 (size before relaxing)
 .eh_frame      0x000000000011b5d8       0x20 binaries/insert.o
                                         0x38 (size before relaxing)
 .eh_frame      0x000000000011b5f8       0x20 binaries/insertd.o
                                         0x38 (size before relaxing)
 .eh_frame      0x000000000011b618       0x20 binaries/ioerr.o
                                         0x38 (size before relaxing)
 .eh_frame      0x000000000011b638       0x20 binaries/ionull.o
                                         0x38 (size before relaxing)
 .eh_frame      0x000000000011b658       0x20 binaries/kill.o
                                         0x38 (size before relaxing)
 .eh_frame      0x000000000011b678       0x60 binaries/kprintf.o
                                         0x78 (size before relaxing)
 .eh_frame      0x000000000011b6d8       0x24 binaries/main.o
                                         0x3c (size before relaxing)
 .eh_frame      0x000000000011b6fc       0x40 binaries/mark.o
                                         0x58 (size before relaxing)
 .eh_frame      0x000000000011b73c       0x44 binaries/meminit.o
                                         0x5c (size before relaxing)
 .eh_frame      0x000000000011b780       0x20 binaries/mkbufpool.o
                                         0x38 (size before relaxing)
 .eh_frame      0x000000000011b7a0       0x20 binaries/newqueue.o
                                         0x38 (size before relaxing)
 .eh_frame      0x000000000011b7c0       0x20 binaries/open.o
                                         0x38 (size before relaxing)
 .eh_frame      0x000000000011b7e0       0x1c binaries/panic.o
                                         0x34 (size before relaxing)
 .eh_frame      0x000000000011b7fc      0x1e0 binaries/pci.o
                                        0x1f8 (size before relaxing)
 .eh_frame      0x000000000011b9dc       0x60 binaries/platinit.o
                                         0x78 (size before relaxing)
 .eh_frame      0x000000000011ba3c       0x20 binaries/ptclear.o
                                         0x38 (size before relaxing)
 .eh_frame      0x000000000011ba5c       0x20 binaries/ptcount.o
                                         0x38 (size before relaxing)
 .eh_frame      0x000000000011ba7c       0x20 binaries/ptcreate.o
                                         0x38 (size before relaxing)
 .eh_frame      0x000000000011ba9c       0x20 binaries/ptdelete.o
                                         0x38 (size before relaxing)
 .eh_frame      0x000000000011babc       0x20 binaries/ptinit.o
                                         0x38 (size before relaxing)
 .eh_frame      0x000000000011badc       0x20 binaries/ptrecv.o
                                         0x38 (size before relaxing)
 .eh_frame      0x000000000011bafc       0x20 binaries/ptreset.o
                                         0x38 (size before relaxing)
 .eh_frame      0x000000000011bb1c       0x20 binaries/ptsend.o
                                         0x38 (size before relaxing)
 .eh_frame      0x000000000011bb3c       0x20 binaries/putc.o
                                         0x38 (size before relaxing)
 .eh_frame      0x000000000011bb5c       0x20 binaries/quark_irq.o
                                         0x38 (size before relaxing)
 .eh_frame      0x000000000011bb7c       0x40 binaries/quark_pdat.o
                                         0x58 (size before relaxing)
 .eh_frame      0x000000000011bbbc       0x40 binaries/queue.o
                                         0x58 (size before relaxing)
 .eh_frame      0x000000000011bbfc       0x20 binaries/read.o
                                         0x38 (size before relaxing)
 .eh_frame      0x000000000011bc1c       0x24 binaries/ready.o
                                         0x3c (size before relaxing)
 .eh_frame      0x000000000011bc40       0x20 binaries/receive.o
                                         0x38 (size before relaxing)
 .eh_frame      0x000000000011bc60       0x20 binaries/recvclr.o
                                         0x38 (size before relaxing)
 .eh_frame      0x000000000011bc80       0x20 binaries/recvtime.o
                                         0x38 (size before relaxing)
 .eh_frame      0x000000000011bca0       0x40 binaries/resched.o
                                         0x58 (size before relaxing)
 .eh_frame      0x000000000011bce0       0x20 binaries/resume.o
                                         0x38 (size before relaxing)
 .eh_frame      0x000000000011bd00       0x20 binaries/seek.o
                                         0x38 (size before relaxing)
 .eh_frame      0x000000000011bd20       0x20 binaries/semcount.o
                                         0x38 (size before relaxing)
 .eh_frame      0x000000000011bd40       0x40 binaries/semcreate.o
                                         0x58 (size before relaxing)
 .eh_frame      0x000000000011bd80       0x20 binaries/semdelete.o
                                         0x38 (size before relaxing)
 .eh_frame      0x000000000011bda0       0x20 binaries/semreset.o
                                         0x38 (size before relaxing)
 .eh_frame      0x000000000011bdc0       0x20 binaries/send.o
                                         0x38 (size before relaxing)
 .eh_frame      0x000000000011bde0       0x20 binaries/signal.o
                                         0x38 (size before relaxing)
 .eh_frame      0x000000000011be00       0x20 binaries/signaln.o
                                         0x38 (size before relaxing)
 .eh_frame      0x000000000011be20       0x40 binaries/sleep.o
                                         0x58 (size before relaxing)
 .eh_frame      0x000000000011be60       0x20 binaries/stacktrace.o
                                         0x38 (size before relaxing)
 .eh_frame      0x000000000011be80       0x20 binaries/suspend.o
                                         0x38 (size before relaxing)
 .eh_frame      0x000000000011bea0       0x20 binaries/unsleep.o
                                         0x38 (size before relaxing)
 .eh_frame      0x000000000011bec0       0x20 binaries/userret.o
                                         0x38 (size before relaxing)
 .eh_frame      0x000000000011bee0       0x20 binaries/wait.o
                                         0x38 (size before relaxing)
 .eh_frame      0x000000000011bf00       0x20 binaries/wakeup.o
                                         0x38 (size before relaxing)
 .eh_frame      0x000000000011bf20       0x20 binaries/write.o
                                         0x38 (size before relaxing)
 .eh_frame      0x000000000011bf40       0x20 binaries/xdone.o
                                         0x38 (size before relaxing)
 .eh_frame      0x000000000011bf60       0x20 binaries/yield.o
                                         0x38 (size before relaxing)
 .eh_frame      0x000000000011bf80       0x20 binaries/abs.o
                                         0x38 (size before relaxing)
 .eh_frame      0x000000000011bfa0       0x20 binaries/atoi.o
                                         0x38 (size before relaxing)
 .eh_frame      0x000000000011bfc0       0x20 binaries/atol.o
                                         0x38 (size before relaxing)
 .eh_frame      0x000000000011bfe0       0x20 binaries/bzero.o
                                         0x38 (size before relaxing)
 .eh_frame      0x000000000011c000       0xe0 binaries/doprnt.o
                                         0xf8 (size before relaxing)
 .eh_frame      0x000000000011c0e0       0xb0 binaries/doscan.o
                                         0xc8 (size before relaxing)
 .eh_frame      0x000000000011c190       0xc0 binaries/fdoprnt.o
                                         0xd8 (size before relaxing)
 .eh_frame      0x000000000011c250       0x20 binaries/fgetc.o
                                         0x38 (size before relaxing)
 .eh_frame      0x000000000011c270       0x20 binaries/fgets.o
                                         0x38 (size before relaxing)
 .eh_frame      0x000000000011c290       0x20 binaries/fprintf.o
                                         0x38 (size before relaxing)
 .eh_frame      0x000000000011c2b0       0x20 binaries/fputc.o
                                         0x38 (size before relaxing)
 .eh_frame      0x000000000011c2d0       0x20 binaries/fputs.o
                                         0x38 (size before relaxing)
 .eh_frame      0x000000000011c2f0       0x60 binaries/fscanf.o
                                         0x78 (size before relaxing)
 .eh_frame      0x000000000011c350       0x20 binaries/getchar.o
                                         0x38 (size before relaxing)
 .eh_frame      0x000000000011c370       0x20 binaries/labs.o
                                         0x38 (size before relaxing)
 .eh_frame      0x000000000011c390       0x20 binaries/memcmp.o
                                         0x38 (size before relaxing)
 .eh_frame      0x000000000011c3b0       0x24 binaries/memcpy.o
                                         0x3c (size before relaxing)
 .eh_frame      0x000000000011c3d4       0x24 binaries/memset.o
                                         0x3c (size before relaxing)
 .eh_frame      0x000000000011c3f8       0x20 binaries/printf.o
                                         0x38 (size before relaxing)
 .eh_frame      0x000000000011c418       0x20 binaries/putchar.o
                                         0x38 (size before relaxing)
 .eh_frame      0x000000000011c438       0xa8 binaries/qsort.o
                                         0xc0 (size before relaxing)
 .eh_frame      0x000000000011c4e0       0x60 binaries/rand.o
                                         0x78 (size before relaxing)
 .eh_frame      0x000000000011c540       0x40 binaries/sprintf.o
                                         0x58 (size before relaxing)
 .eh_frame      0x000000000011c580       0x60 binaries/sscanf.o
                                         0x78 (size before relaxing)
 .eh_frame      0x000000000011c5e0       0x20 binaries/strchr.o
                                         0x38 (size before relaxing)
 .eh_frame      0x000000000011c600       0x20 binaries/strcmp.o
                                         0x38 (size before relaxing)
 .eh_frame      0x000000000011c620       0x20 binaries/strcpy.o
                                         0x38 (size before relaxing)
 .eh_frame      0x000000000011c640       0x20 binaries/strlen.o
                                         0x38 (size before relaxing)
 .eh_frame      0x000000000011c660       0x20 binaries/strncat.o
                                         0x38 (size before relaxing)
 .eh_frame      0x000000000011c680       0x20 binaries/strncmp.o
                                         0x38 (size before relaxing)
 .eh_frame      0x000000000011c6a0       0x28 binaries/strncpy.o
                                         0x40 (size before relaxing)
 .eh_frame      0x000000000011c6c8       0x20 binaries/strnlen.o
                                         0x38 (size before relaxing)
 .eh_frame      0x000000000011c6e8       0x20 binaries/strrchr.o
                                         0x38 (size before relaxing)
 .eh_frame      0x000000000011c708       0x20 binaries/strstr.o
                                         0x38 (size before relaxing)
 .eh_frame      0x000000000011c728       0x20 binaries/ttycontrol.o
                                         0x38 (size before relaxing)
 .eh_frame      0x000000000011c748       0x20 binaries/ttygetc.o
                                         0x38 (size before relaxing)
 .eh_frame      0x000000000011c768       0x80 binaries/ttyhandle_in.o
                                         0x98 (size before relaxing)
 .eh_frame      0x000000000011c7e8       0x20 binaries/ttyhandle_out.o
                                         0x38 (size before relaxing)
 .eh_frame      0x000000000011c808       0x20 binaries/ttyhandler.o
                                         0x38 (size before relaxing)
 .eh_frame      0x000000000011c828       0x20 binaries/ttyinit.o
                                         0x38 (size before relaxing)
 .eh_frame      0x000000000011c848       0x20 binaries/ttykickout.o
                                         0x38 (size before relaxing)
 .eh_frame      0x000000000011c868       0x20 binaries/ttyputc.o
                                         0x38 (size before relaxing)
 .eh_frame      0x000000000011c888       0x24 binaries/ttyread.o
                                         0x3c (size before relaxing)
 .eh_frame      0x000000000011c8ac       0x20 binaries/ttywrite.o
                                         0x38 (size before relaxing)
 .eh_frame      0x000000000011c8cc       0x40 binaries/mount.o
                                         0x58 (size before relaxing)
 .eh_frame      0x000000000011c90c       0x20 binaries/naminit.o
                                         0x38 (size before relaxing)
 .eh_frame      0x000000000011c92c       0x60 binaries/nammap.o
                                         0x78 (size before relaxing)
 .eh_frame      0x000000000011c98c       0x20 binaries/namopen.o
                                         0x38 (size before relaxing)
 .eh_frame      0x000000000011c9ac       0x20 binaries/ethcontrol.o
                                         0x38 (size before relaxing)
 .eh_frame      0x000000000011c9cc       0x20 binaries/ethhandler.o
                                         0x38 (size before relaxing)
 .eh_frame      0x000000000011c9ec       0x9c binaries/ethinit.o
                                         0xb4 (size before relaxing)
 .eh_frame      0x000000000011ca88       0x40 binaries/ethmcast.o
                                         0x58 (size before relaxing)
 .eh_frame      0x000000000011cac8       0x20 binaries/ethread.o
                                         0x38 (size before relaxing)
 .eh_frame      0x000000000011cae8       0x20 binaries/ethwrite.o
                                         0x38 (size before relaxing)
 .eh_frame      0x000000000011cb08       0x20 binaries/rdsbufalloc.o
                                         0x38 (size before relaxing)
 .eh_frame      0x000000000011cb28       0x20 binaries/rdsclose.o
                                         0x38 (size before relaxing)
 .eh_frame      0x000000000011cb48       0x20 binaries/rdscomm.o
                                         0x38 (size before relaxing)
 .eh_frame      0x000000000011cb68       0x20 binaries/rdscontrol.o
                                         0x38 (size before relaxing)
 .eh_frame      0x000000000011cb88       0x20 binaries/rdsinit.o
                                         0x38 (size before relaxing)
 .eh_frame      0x000000000011cba8       0x20 binaries/rdsopen.o
                                         0x38 (size before relaxing)
 .eh_frame      0x000000000011cbc8       0x1c binaries/rdsprocess.o
                                         0x34 (size before relaxing)
 .eh_frame      0x000000000011cbe4       0x20 binaries/rdsread.o
                                         0x38 (size before relaxing)
 .eh_frame      0x000000000011cc04       0x20 binaries/rdswrite.o
                                         0x38 (size before relaxing)
 .eh_frame      0x000000000011cc24       0x20 binaries/ramclose.o
                                         0x38 (size before relaxing)
 .eh_frame      0x000000000011cc44       0x20 binaries/raminit.o
                                         0x38 (size before relaxing)
 .eh_frame      0x000000000011cc64       0x20 binaries/ramopen.o
                                         0x38 (size before relaxing)
 .eh_frame      0x000000000011cc84       0x20 binaries/ramread.o
                                         0x38 (size before relaxing)
 .eh_frame      0x000000000011cca4       0x20 binaries/ramwrite.o
                                         0x38 (size before relaxing)
 .eh_frame      0x000000000011ccc4       0x20 binaries/lfdballoc.o
                                         0x38 (size before relaxing)
 .eh_frame      0x000000000011cce4       0x20 binaries/lfdbfree.o
                                         0x38 (size before relaxing)
 .eh_frame      0x000000000011cd04       0x20 binaries/lfflush.o
                                         0x38 (size before relaxing)
 .eh_frame      0x000000000011cd24       0x20 binaries/lfgetmode.o
                                         0x38 (size before relaxing)
 .eh_frame      0x000000000011cd44       0x20 binaries/lfiballoc.o
                                         0x38 (size before relaxing)
 .eh_frame      0x000000000011cd64       0x20 binaries/lfibclear.o
                                         0x38 (size before relaxing)
 .eh_frame      0x000000000011cd84       0x20 binaries/lfibget.o
                                         0x38 (size before relaxing)
 .eh_frame      0x000000000011cda4       0x20 binaries/lfibput.o
                                         0x38 (size before relaxing)
 .eh_frame      0x000000000011cdc4       0x20 binaries/lflclose.o
                                         0x38 (size before relaxing)
 .eh_frame      0x000000000011cde4       0x20 binaries/lflcontrol.o
                                         0x38 (size before relaxing)
 .eh_frame      0x000000000011ce04       0x20 binaries/lflgetc.o
                                         0x38 (size before relaxing)
 .eh_frame      0x000000000011ce24       0x20 binaries/lflinit.o
                                         0x38 (size before relaxing)
 .eh_frame      0x000000000011ce44       0x20 binaries/lflputc.o
                                         0x38 (size before relaxing)
 .eh_frame      0x000000000011ce64       0x20 binaries/lflread.o
                                         0x38 (size before relaxing)
 .eh_frame      0x000000000011ce84       0x20 binaries/lflseek.o
                                         0x38 (size before relaxing)
 .eh_frame      0x000000000011cea4       0x20 binaries/lflwrite.o
                                         0x38 (size before relaxing)
 .eh_frame      0x000000000011cec4       0x20 binaries/lfscheck.o
                                         0x38 (size before relaxing)
 .eh_frame      0x000000000011cee4       0x20 binaries/lfsckfmt.o
                                         0x38 (size before relaxing)
 .eh_frame      0x000000000011cf04       0x20 binaries/lfscreate.o
                                         0x38 (size before relaxing)
 .eh_frame      0x000000000011cf24       0x20 binaries/lfsetup.o
                                         0x38 (size before relaxing)
 .eh_frame      0x000000000011cf44       0x20 binaries/lfsinit.o
                                         0x38 (size before relaxing)
 .eh_frame      0x000000000011cf64       0x20 binaries/lfsopen.o
                                         0x38 (size before relaxing)
 .eh_frame      0x000000000011cf84       0x20 binaries/lftruncate.o
                                         0x38 (size before relaxing)
 .eh_frame      0x000000000011cfa4       0x20 binaries/rflclose.o
                                         0x38 (size before relaxing)
 .eh_frame      0x000000000011cfc4       0x20 binaries/rflgetc.o
                                         0x38 (size before relaxing)
 .eh_frame      0x000000000011cfe4       0x20 binaries/rflinit.o
                                         0x38 (size before relaxing)
 .eh_frame      0x000000000011d004       0x20 binaries/rflputc.o
                                         0x38 (size before relaxing)
 .eh_frame      0x000000000011d024       0x20 binaries/rflread.o
                                         0x38 (size before relaxing)
 .eh_frame      0x000000000011d044       0x20 binaries/rflseek.o
                                         0x38 (size before relaxing)
 .eh_frame      0x000000000011d064       0x20 binaries/rflwrite.o
                                         0x38 (size before relaxing)
 .eh_frame      0x000000000011d084       0x20 binaries/rfscomm.o
                                         0x38 (size before relaxing)
 .eh_frame      0x000000000011d0a4       0x20 binaries/rfscontrol.o
                                         0x38 (size before relaxing)
 .eh_frame      0x000000000011d0c4       0x20 binaries/rfsgetmode.o
                                         0x38 (size before relaxing)
 .eh_frame      0x000000000011d0e4       0x20 binaries/rfsinit.o
                                         0x38 (size before relaxing)
 .eh_frame      0x000000000011d104       0x20 binaries/rfsndmsg.o
                                         0x38 (size before relaxing)
 .eh_frame      0x000000000011d124       0x20 binaries/rfsopen.o
                                         0x38 (size before relaxing)
 .eh_frame      0x000000000011d144       0x20 binaries/dns.o
                                         0x38 (size before relaxing)
 .eh_frame      0x000000000011d164       0x40 binaries/dot2ip.o
                                         0x58 (size before relaxing)
 .eh_frame      0x000000000011d1a4       0x40 binaries/hexdump.o
                                         0x58 (size before relaxing)
 .eh_frame      0x000000000011d1e4      0x104 binaries/icmp.o
                                        0x11c (size before relaxing)
 .eh_frame      0x000000000011d2e8      0x1e8 binaries/ip.o
                                        0x200 (size before relaxing)
 .eh_frame      0x000000000011d4d0       0x8c binaries/nat.o
                                         0xa4 (size before relaxing)
 .eh_frame      0x000000000011d55c      0x19c binaries/nd.o
                                        0x1b4 (size before relaxing)
 .eh_frame      0x000000000011d6f8       0xc0 binaries/net.o
                                         0xd8 (size before relaxing)
 .eh_frame      0x000000000011d7b8       0x5c binaries/pdump.o
                                         0x74 (size before relaxing)
 .eh_frame      0x000000000011d814      0x140 binaries/udp.o
                                        0x158 (size before relaxing)
 .eh_frame      0x000000000011d954       0x20 binaries/addargs.o
                                         0x38 (size before relaxing)
 .eh_frame      0x000000000011d974       0x20 binaries/lexan.o
                                         0x38 (size before relaxing)
 .eh_frame      0x000000000011d994       0x20 binaries/shell.o
                                         0x38 (size before relaxing)
 .eh_frame      0x000000000011d9b4       0x20 binaries/xsh_argecho.o
                                         0x38 (size before relaxing)
 .eh_frame      0x000000000011d9d4       0x20 binaries/xsh_arp.o
                                         0x38 (size before relaxing)
 .eh_frame      0x000000000011d9f4       0x20 binaries/xsh_cat.o
                                         0x38 (size before relaxing)
 .eh_frame      0x000000000011da14       0x20 binaries/xsh_clear.o
                                         0x38 (size before relaxing)
 .eh_frame      0x000000000011da34       0x20 binaries/xsh_date.o
                                         0x38 (size before relaxing)
 .eh_frame      0x000000000011da54       0x20 binaries/xsh_devdump.o
                                         0x38 (size before relaxing)
 .eh_frame      0x000000000011da74       0x20 binaries/xsh_echo.o
                                         0x38 (size before relaxing)
 .eh_frame      0x000000000011da94       0x20 binaries/xsh_exit.o
                                         0x38 (size before relaxing)
 .eh_frame      0x000000000011dab4       0x20 binaries/xsh_help.o
                                         0x38 (size before relaxing)
 .eh_frame      0x000000000011dad4       0x20 binaries/xsh_kill.o
                                         0x38 (size before relaxing)
 .eh_frame      0x000000000011daf4       0x40 binaries/xsh_memdump.o
                                         0x58 (size before relaxing)
 .eh_frame      0x000000000011db34       0x60 binaries/xsh_memstat.o
                                         0x78 (size before relaxing)
 .eh_frame      0x000000000011db94       0x30 binaries/xsh_nc.o
                                         0x48 (size before relaxing)
 .eh_frame      0x000000000011dbc4       0x30 binaries/xsh_netinfo.o
                                         0x48 (size before relaxing)
 .eh_frame      0x000000000011dbf4       0x24 binaries/xsh_pdump.o
                                         0x3c (size before relaxing)
 .eh_frame      0x000000000011dc18       0x20 binaries/xsh_ping.o
                                         0x38 (size before relaxing)
 .eh_frame      0x000000000011dc38       0x60 binaries/xsh_ping6.o
                                         0x78 (size before relaxing)
 .eh_frame      0x000000000011dc98       0x30 binaries/xsh_ps.o
                                         0x48 (size before relaxing)
 .eh_frame      0x000000000011dcc8       0x20 binaries/xsh_route.o
                                         0x38 (size before relaxing)
 .eh_frame      0x000000000011dce8       0x30 binaries/xsh_rt.o
                                         0x48 (size before relaxing)
 .eh_frame      0x000000000011dd18       0x20 binaries/xsh_sleep.o
                                         0x38 (size before relaxing)
 .eh_frame      0x000000000011dd38       0x30 binaries/xsh_sp.o
                                         0x48 (size before relaxing)
 .eh_frame      0x000000000011dd68       0x20 binaries/xsh_udpdump.o
                                         0x38 (size before relaxing)
 .eh_frame      0x000000000011dd88       0x24 binaries/xsh_udpecho.o
                                         0x3c (size before relaxing)
 .eh_frame      0x000000000011ddac       0x24 binaries/xsh_udpserver.o
                                         0x3c (size before relaxing)
 .eh_frame      0x000000000011ddd0       0x20 binaries/xsh_uptime.o
                                         0x38 (size before relaxing)

.iplt           0x000000000011ddf0        0x0
 .iplt          0x000000000011ddf0        0x0 binaries/start.o

.rel.dyn        0x000000000011ddf0        0x0
 .rel.iplt      0x000000000011ddf0        0x0 binaries/start.o
 .rel.text      0x000000000011ddf0        0x0 binaries/start.o
 .rel.data      0x000000000011ddf0        0x0 binaries/start.o
 .rel.rodata    0x000000000011ddf0        0x0 binaries/start.o

.data           0x000000000011de00     0x2200
                0x000000000011de00                data = ABSOLUTE (.)
 *(.data .data.*)
 .data          0x000000000011de00      0x83a binaries/start.o
                0x000000000011de00                gdt
                0x000000000011de30                idt
                0x000000000011e636                cpudelay
 *fill*         0x000000000011e63a        0x6 
 .data          0x000000000011e640       0x88 binaries/ascdate.o
                0x000000000011e640                Date
 .data          0x000000000011e6c8        0x0 binaries/bufinit.o
 .data          0x000000000011e6c8        0x0 binaries/chprio.o
 .data          0x000000000011e6c8        0x4 binaries/clkhandler.o
 .data          0x000000000011e6cc        0x4 binaries/clkinit.o
                0x000000000011e6cc                hpet
 .data          0x000000000011e6d0        0x0 binaries/close.o
 *fill*         0x000000000011e6d0       0x10 
 .data          0x000000000011e6e0      0x5a0 binaries/conf.o
                0x000000000011e6e0                devtab
 .data          0x000000000011ec80        0x0 binaries/control.o
 .data          0x000000000011ec80        0x4 binaries/create.o
 .data          0x000000000011ec84        0x0 binaries/early_imr.o
 *fill*         0x000000000011ec84       0x1c 
 .data          0x000000000011eca0       0x60 binaries/evec.o
                0x000000000011eca0                lapic
                0x000000000011ecc0                inames
 .data          0x000000000011ed00        0x0 binaries/exit.o
 .data          0x000000000011ed00        0x0 binaries/freebuf.o
 .data          0x000000000011ed00        0x0 binaries/freemem.o
[...]
 .comment       0x000000000000002a       0x2b binaries/xsh_clear.o
 .comment       0x000000000000002a       0x2b binaries/xsh_date.o
 .comment       0x000000000000002a       0x2b binaries/xsh_devdump.o
 .comment       0x000000000000002a       0x2b binaries/xsh_echo.o
 .comment       0x000000000000002a       0x2b binaries/xsh_exit.o
 .comment       0x000000000000002a       0x2b binaries/xsh_help.o
 .comment       0x000000000000002a       0x2b binaries/xsh_kill.o
 .comment       0x000000000000002a       0x2b binaries/xsh_memdump.o
 .comment       0x000000000000002a       0x2b binaries/xsh_memstat.o
 .comment       0x000000000000002a       0x2b binaries/xsh_nc.o
 .comment       0x000000000000002a       0x2b binaries/xsh_netinfo.o
 .comment       0x000000000000002a       0x2b binaries/xsh_pdump.o
 .comment       0x000000000000002a       0x2b binaries/xsh_ping.o
 .comment       0x000000000000002a       0x2b binaries/xsh_ping6.o
 .comment       0x000000000000002a       0x2b binaries/xsh_ps.o
 .comment       0x000000000000002a       0x2b binaries/xsh_route.o
 .comment       0x000000000000002a       0x2b binaries/xsh_rt.o
 .comment       0x000000000000002a       0x2b binaries/xsh_sleep.o
 .comment       0x000000000000002a       0x2b binaries/xsh_sp.o
 .comment       0x000000000000002a       0x2b binaries/xsh_udpdump.o
 .comment       0x000000000000002a       0x2b binaries/xsh_udpecho.o
 .comment       0x000000000000002a       0x2b binaries/xsh_udpserver.o
 .comment       0x000000000000002a       0x2b binaries/xsh_uptime.o

.note.GNU-stack
                0x0000000000000000        0x0
 .note.GNU-stack
                0x0000000000000000        0x0 binaries/ascdate.o
 .note.GNU-stack
                0x0000000000000000        0x0 binaries/bufinit.o
 .note.GNU-stack
                0x0000000000000000        0x0 binaries/chprio.o
 .note.GNU-stack
                0x0000000000000000        0x0 binaries/clkhandler.o
 .note.GNU-stack
                0x0000000000000000        0x0 binaries/clkinit.o
 .note.GNU-stack
                0x0000000000000000        0x0 binaries/close.o
 .note.GNU-stack
                0x0000000000000000        0x0 binaries/conf.o
 .note.GNU-stack
                0x0000000000000000        0x0 binaries/control.o
 .note.GNU-stack
                0x0000000000000000        0x0 binaries/create.o
 .note.GNU-stack
                0x0000000000000000        0x0 binaries/early_imr.o
 .note.GNU-stack
                0x0000000000000000        0x0 binaries/evec.o
 .note.GNU-stack
                0x0000000000000000        0x0 binaries/exit.o
 .note.GNU-stack
                0x0000000000000000        0x0 binaries/freebuf.o
 .note.GNU-stack
                0x0000000000000000        0x0 binaries/freemem.o
 .note.GNU-stack
                0x0000000000000000        0x0 binaries/getbuf.o
 .note.GNU-stack
                0x0000000000000000        0x0 binaries/getc.o
 .note.GNU-stack
                0x0000000000000000        0x0 binaries/getdev.o
 .note.GNU-stack
                0x0000000000000000        0x0 binaries/getitem.o
 .note.GNU-stack
                0x0000000000000000        0x0 binaries/getmem.o
 .note.GNU-stack
                0x0000000000000000        0x0 binaries/getpid.o
 .note.GNU-stack
                0x0000000000000000        0x0 binaries/getprio.o
 .note.GNU-stack
                0x0000000000000000        0x0 binaries/getstk.o
 .note.GNU-stack
                0x0000000000000000        0x0 binaries/getticks.o
 .note.GNU-stack
                0x0000000000000000        0x0 binaries/gettime.o
 .note.GNU-stack
                0x0000000000000000        0x0 binaries/getutime.o
 .note.GNU-stack
                0x0000000000000000        0x0 binaries/init.o
 .note.GNU-stack
                0x0000000000000000        0x0 binaries/initialize.o
 .note.GNU-stack
                0x0000000000000000        0x0 binaries/insert.o
 .note.GNU-stack
                0x0000000000000000        0x0 binaries/insertd.o
 .note.GNU-stack
                0x0000000000000000        0x0 binaries/ioerr.o
 .note.GNU-stack
                0x0000000000000000        0x0 binaries/ionull.o
 .note.GNU-stack
                0x0000000000000000        0x0 binaries/kill.o
 .note.GNU-stack
                0x0000000000000000        0x0 binaries/kprintf.o
 .note.GNU-stack
                0x0000000000000000        0x0 binaries/main.o
 .note.GNU-stack
                0x0000000000000000        0x0 binaries/mark.o
 .note.GNU-stack
                0x0000000000000000        0x0 binaries/meminit.o
 .note.GNU-stack
                0x0000000000000000        0x0 binaries/mkbufpool.o
 .note.GNU-stack
                0x0000000000000000        0x0 binaries/newqueue.o
 .note.GNU-stack
                0x0000000000000000        0x0 binaries/open.o
 .note.GNU-stack
                0x0000000000000000        0x0 binaries/panic.o
 .note.GNU-stack
                0x0000000000000000        0x0 binaries/pci.o
 .note.GNU-stack
                0x0000000000000000        0x0 binaries/platinit.o
 .note.GNU-stack
                0x0000000000000000        0x0 binaries/ptclear.o
 .note.GNU-stack
                0x0000000000000000        0x0 binaries/ptcount.o
 .note.GNU-stack
                0x0000000000000000        0x0 binaries/ptcreate.o
 .note.GNU-stack
                0x0000000000000000        0x0 binaries/ptdelete.o
 .note.GNU-stack
                0x0000000000000000        0x0 binaries/ptinit.o
 .note.GNU-stack
                0x0000000000000000        0x0 binaries/ptrecv.o
 .note.GNU-stack
                0x0000000000000000        0x0 binaries/ptreset.o
 .note.GNU-stack
                0x0000000000000000        0x0 binaries/ptsend.o
 .note.GNU-stack
                0x0000000000000000        0x0 binaries/putc.o
 .note.GNU-stack
                0x0000000000000000        0x0 binaries/quark_irq.o
 .note.GNU-stack
                0x0000000000000000        0x0 binaries/quark_pdat.o
 .note.GNU-stack
                0x0000000000000000        0x0 binaries/queue.o
 .note.GNU-stack
                0x0000000000000000        0x0 binaries/read.o
 .note.GNU-stack
                0x0000000000000000        0x0 binaries/ready.o
 .note.GNU-stack
                0x0000000000000000        0x0 binaries/receive.o
 .note.GNU-stack
                0x0000000000000000        0x0 binaries/recvclr.o
 .note.GNU-stack
                0x0000000000000000        0x0 binaries/recvtime.o
 .note.GNU-stack
                0x0000000000000000        0x0 binaries/resched.o
 .note.GNU-stack
                0x0000000000000000        0x0 binaries/resume.o
 .note.GNU-stack
                0x0000000000000000        0x0 binaries/seek.o
 .note.GNU-stack
                0x0000000000000000        0x0 binaries/semcount.o
 .note.GNU-stack
                0x0000000000000000        0x0 binaries/semcreate.o
 .note.GNU-stack
                0x0000000000000000        0x0 binaries/semdelete.o
 .note.GNU-stack
                0x0000000000000000        0x0 binaries/semreset.o
 .note.GNU-stack
                0x0000000000000000        0x0 binaries/send.o
 .note.GNU-stack
                0x0000000000000000        0x0 binaries/signal.o
 .note.GNU-stack
                0x0000000000000000        0x0 binaries/signaln.o
 .note.GNU-stack
                0x0000000000000000        0x0 binaries/sleep.o
 .note.GNU-stack
                0x0000000000000000        0x0 binaries/stacktrace.o
 .note.GNU-stack
                0x0000000000000000        0x0 binaries/suspend.o
 .note.GNU-stack
                0x0000000000000000        0x0 binaries/unsleep.o
 .note.GNU-stack
                0x0000000000000000        0x0 binaries/userret.o
 .note.GNU-stack
                0x0000000000000000        0x0 binaries/wait.o
 .note.GNU-stack
                0x0000000000000000        0x0 binaries/wakeup.o
 .note.GNU-stack
                0x0000000000000000        0x0 binaries/write.o
 .note.GNU-stack
                0x0000000000000000        0x0 binaries/xdone.o
 .note.GNU-stack
                0x0000000000000000        0x0 binaries/yield.o
 .note.GNU-stack
                0x0000000000000000        0x0 binaries/abs.o
 .note.GNU-stack
                0x0000000000000000        0x0 binaries/atoi.o
 .note.GNU-stack
                0x0000000000000000        0x0 binaries/atol.o
 .note.GNU-stack
                0x0000000000000000        0x0 binaries/bzero.o
 .note.GNU-stack
                0x0000000000000000        0x0 binaries/ctype_.o
 .note.GNU-stack
                0x0000000000000000        0x0 binaries/doprnt.o
 .note.GNU-stack
                0x0000000000000000        0x0 binaries/doscan.o
 .note.GNU-stack
                0x0000000000000000        0x0 binaries/fdoprnt.o
 .note.GNU-stack
                0x0000000000000000        0x0 binaries/fgetc.o
 .note.GNU-stack
                0x0000000000000000        0x0 binaries/fgets.o
 .note.GNU-stack
                0x0000000000000000        0x0 binaries/fprintf.o
 .note.GNU-stack
                0x0000000000000000        0x0 binaries/fputc.o
 .note.GNU-stack
                0x0000000000000000        0x0 binaries/fputs.o
 .note.GNU-stack
                0x0000000000000000        0x0 binaries/fscanf.o
 .note.GNU-stack
                0x0000000000000000        0x0 binaries/getchar.o
 .note.GNU-stack
                0x0000000000000000        0x0 binaries/labs.o
 .note.GNU-stack
                0x0000000000000000        0x0 binaries/memchr.o
 .note.GNU-stack
                0x0000000000000000        0x0 binaries/memcmp.o
 .note.GNU-stack
                0x0000000000000000        0x0 binaries/memcpy.o
 .note.GNU-stack
                0x0000000000000000        0x0 binaries/memset.o
 .note.GNU-stack
                0x0000000000000000        0x0 binaries/printf.o
 .note.GNU-stack
                0x0000000000000000        0x0 binaries/putchar.o
 .note.GNU-stack
                0x0000000000000000        0x0 binaries/qsort.o
 .note.GNU-stack
                0x0000000000000000        0x0 binaries/rand.o
 .note.GNU-stack
                0x0000000000000000        0x0 binaries/sprintf.o
 .note.GNU-stack
                0x0000000000000000        0x0 binaries/sscanf.o
 .note.GNU-stack
                0x0000000000000000        0x0 binaries/strchr.o
 .note.GNU-stack
                0x0000000000000000        0x0 binaries/strcmp.o
 .note.GNU-stack
                0x0000000000000000        0x0 binaries/strcpy.o
 .note.GNU-stack
                0x0000000000000000        0x0 binaries/strlen.o
 .note.GNU-stack
                0x0000000000000000        0x0 binaries/strncat.o
 .note.GNU-stack
                0x0000000000000000        0x0 binaries/strncmp.o
 .note.GNU-stack
                0x0000000000000000        0x0 binaries/strncpy.o
 .note.GNU-stack
                0x0000000000000000        0x0 binaries/strnlen.o
 .note.GNU-stack
                0x0000000000000000        0x0 binaries/strrchr.o
 .note.GNU-stack
                0x0000000000000000        0x0 binaries/strstr.o
 .note.GNU-stack
                0x0000000000000000        0x0 binaries/ttycontrol.o
 .note.GNU-stack
                0x0000000000000000        0x0 binaries/ttygetc.o
 .note.GNU-stack
                0x0000000000000000        0x0 binaries/ttyhandle_in.o
 .note.GNU-stack
                0x0000000000000000        0x0 binaries/ttyhandle_out.o
 .note.GNU-stack
                0x0000000000000000        0x0 binaries/ttyhandler.o
 .note.GNU-stack
                0x0000000000000000        0x0 binaries/ttyinit.o
 .note.GNU-stack
                0x0000000000000000        0x0 binaries/ttykickout.o
 .note.GNU-stack
                0x0000000000000000        0x0 binaries/ttyputc.o
 .note.GNU-stack
                0x0000000000000000        0x0 binaries/ttyread.o
 .note.GNU-stack
                0x0000000000000000        0x0 binaries/ttywrite.o
 .note.GNU-stack
                0x0000000000000000        0x0 binaries/mount.o
 .note.GNU-stack
                0x0000000000000000        0x0 binaries/naminit.o
 .note.GNU-stack
                0x0000000000000000        0x0 binaries/nammap.o
 .note.GNU-stack
                0x0000000000000000        0x0 binaries/namopen.o
 .note.GNU-stack
                0x0000000000000000        0x0 binaries/ethcontrol.o
 .note.GNU-stack
                0x0000000000000000        0x0 binaries/ethhandler.o
 .note.GNU-stack
                0x0000000000000000        0x0 binaries/ethinit.o
 .note.GNU-stack
                0x0000000000000000        0x0 binaries/ethmcast.o
 .note.GNU-stack
                0x0000000000000000        0x0 binaries/ethread.o
 .note.GNU-stack
                0x0000000000000000        0x0 binaries/ethwrite.o
 .note.GNU-stack
                0x0000000000000000        0x0 binaries/rdsbufalloc.o
 .note.GNU-stack
                0x0000000000000000        0x0 binaries/rdsclose.o
 .note.GNU-stack
                0x0000000000000000        0x0 binaries/rdscomm.o
 .note.GNU-stack
                0x0000000000000000        0x0 binaries/rdscontrol.o
 .note.GNU-stack
                0x0000000000000000        0x0 binaries/rdsinit.o
 .note.GNU-stack
                0x0000000000000000        0x0 binaries/rdsopen.o
 .note.GNU-stack
                0x0000000000000000        0x0 binaries/rdsprocess.o
 .note.GNU-stack
                0x0000000000000000        0x0 binaries/rdsread.o
 .note.GNU-stack
                0x0000000000000000        0x0 binaries/rdswrite.o
 .note.GNU-stack
                0x0000000000000000        0x0 binaries/ramclose.o
 .note.GNU-stack
                0x0000000000000000        0x0 binaries/raminit.o
 .note.GNU-stack
                0x0000000000000000        0x0 binaries/ramopen.o
 .note.GNU-stack
                0x0000000000000000        0x0 binaries/ramread.o
 .note.GNU-stack
                0x0000000000000000        0x0 binaries/ramwrite.o
 .note.GNU-stack
                0x0000000000000000        0x0 binaries/lfdballoc.o
 .note.GNU-stack
                0x0000000000000000        0x0 binaries/lfdbfree.o
 .note.GNU-stack
                0x0000000000000000        0x0 binaries/lfflush.o
 .note.GNU-stack
                0x0000000000000000        0x0 binaries/lfgetmode.o
 .note.GNU-stack
                0x0000000000000000        0x0 binaries/lfiballoc.o
 .note.GNU-stack
                0x0000000000000000        0x0 binaries/lfibclear.o
 .note.GNU-stack
                0x0000000000000000        0x0 binaries/lfibget.o
 .note.GNU-stack
                0x0000000000000000        0x0 binaries/lfibput.o
 .note.GNU-stack
                0x0000000000000000        0x0 binaries/lflclose.o
 .note.GNU-stack
                0x0000000000000000        0x0 binaries/lflcontrol.o
 .note.GNU-stack
                0x0000000000000000        0x0 binaries/lflgetc.o
 .note.GNU-stack
                0x0000000000000000        0x0 binaries/lflinit.o
 .note.GNU-stack
                0x0000000000000000        0x0 binaries/lflputc.o
 .note.GNU-stack
                0x0000000000000000        0x0 binaries/lflread.o
 .note.GNU-stack
                0x0000000000000000        0x0 binaries/lflseek.o
 .note.GNU-stack
                0x0000000000000000        0x0 binaries/lflwrite.o
 .note.GNU-stack
                0x0000000000000000        0x0 binaries/lfscheck.o
 .note.GNU-stack
                0x0000000000000000        0x0 binaries/lfsckfmt.o
 .note.GNU-stack
                0x0000000000000000        0x0 binaries/lfscreate.o
 .note.GNU-stack
                0x0000000000000000        0x0 binaries/lfsetup.o
 .note.GNU-stack
                0x0000000000000000        0x0 binaries/lfsinit.o
 .note.GNU-stack
                0x0000000000000000        0x0 binaries/lfsopen.o
 .note.GNU-stack
                0x0000000000000000        0x0 binaries/lftruncate.o
 .note.GNU-stack
                0x0000000000000000        0x0 binaries/rflclose.o
 .note.GNU-stack
                0x0000000000000000        0x0 binaries/rflgetc.o
 .note.GNU-stack
                0x0000000000000000        0x0 binaries/rflinit.o
 .note.GNU-stack
                0x0000000000000000        0x0 binaries/rflputc.o
 .note.GNU-stack
                0x0000000000000000        0x0 binaries/rflread.o
 .note.GNU-stack
                0x0000000000000000        0x0 binaries/rflseek.o
 .note.GNU-stack
                0x0000000000000000        0x0 binaries/rflwrite.o
 .note.GNU-stack
                0x0000000000000000        0x0 binaries/rfscomm.o
 .note.GNU-stack
                0x0000000000000000        0x0 binaries/rfscontrol.o
 .note.GNU-stack
                0x0000000000000000        0x0 binaries/rfsgetmode.o
 .note.GNU-stack
                0x0000000000000000        0x0 binaries/rfsinit.o
 .note.GNU-stack
                0x0000000000000000        0x0 binaries/rfsndmsg.o
 .note.GNU-stack
                0x0000000000000000        0x0 binaries/rfsopen.o
 .note.GNU-stack
                0x0000000000000000        0x0 binaries/dns.o
 .note.GNU-stack
                0x0000000000000000        0x0 binaries/dot2ip.o
 .note.GNU-stack
                0x0000000000000000        0x0 binaries/hexdump.o
 .note.GNU-stack
                0x0000000000000000        0x0 binaries/icmp.o
 .note.GNU-stack
                0x0000000000000000        0x0 binaries/ip.o
 .note.GNU-stack
                0x0000000000000000        0x0 binaries/nat.o
 .note.GNU-stack
                0x0000000000000000        0x0 binaries/nd.o
 .note.GNU-stack
                0x0000000000000000        0x0 binaries/net.o
 .note.GNU-stack
                0x0000000000000000        0x0 binaries/pdump.o
 .note.GNU-stack
                0x0000000000000000        0x0 binaries/udp.o
 .note.GNU-stack
                0x0000000000000000        0x0 binaries/addargs.o
 .note.GNU-stack
                0x0000000000000000        0x0 binaries/lexan.o
 .note.GNU-stack
                0x0000000000000000        0x0 binaries/shell.o
 .note.GNU-stack
                0x0000000000000000        0x0 binaries/xsh_argecho.o
 .note.GNU-stack
                0x0000000000000000        0x0 binaries/xsh_arp.o
 .note.GNU-stack
                0x0000000000000000        0x0 binaries/xsh_cat.o
 .note.GNU-stack
                0x0000000000000000        0x0 binaries/xsh_clear.o
 .note.GNU-stack
                0x0000000000000000        0x0 binaries/xsh_date.o
 .note.GNU-stack
                0x0000000000000000        0x0 binaries/xsh_devdump.o
 .note.GNU-stack
                0x0000000000000000        0x0 binaries/xsh_echo.o
 .note.GNU-stack
                0x0000000000000000        0x0 binaries/xsh_exit.o
 .note.GNU-stack
                0x0000000000000000        0x0 binaries/xsh_help.o
 .note.GNU-stack
                0x0000000000000000        0x0 binaries/xsh_kill.o
 .note.GNU-stack
                0x0000000000000000        0x0 binaries/xsh_memdump.o
 .note.GNU-stack
                0x0000000000000000        0x0 binaries/xsh_memstat.o
 .note.GNU-stack
                0x0000000000000000        0x0 binaries/xsh_nc.o
 .note.GNU-stack
                0x0000000000000000        0x0 binaries/xsh_netinfo.o
 .note.GNU-stack
                0x0000000000000000        0x0 binaries/xsh_pdump.o
 .note.GNU-stack
                0x0000000000000000        0x0 binaries/xsh_ping.o
 .note.GNU-stack
                0x0000000000000000        0x0 binaries/xsh_ping6.o
 .note.GNU-stack
                0x0000000000000000        0x0 binaries/xsh_ps.o
 .note.GNU-stack
                0x0000000000000000        0x0 binaries/xsh_route.o
 .note.GNU-stack
                0x0000000000000000        0x0 binaries/xsh_rt.o
 .note.GNU-stack
                0x0000000000000000        0x0 binaries/xsh_sleep.o
 .note.GNU-stack
                0x0000000000000000        0x0 binaries/xsh_sp.o
 .note.GNU-stack
                0x0000000000000000        0x0 binaries/xsh_udpdump.o
 .note.GNU-stack
                0x0000000000000000        0x0 binaries/xsh_udpecho.o
 .note.GNU-stack
                0x0000000000000000        0x0 binaries/xsh_udpserver.o
 .note.GNU-stack
                0x0000000000000000        0x0 binaries/xsh_uptime.o
